Component: ARM Compiler 5.06 update 6 (build 750) Tool: armlink [4d35ed]

==============================================================================

Section Cross References

    adc.o(i.ADC_IRQHandler) refers to stm32f4xx_adc.o(i.ADC_GetITStatus) for ADC_GetITStatus
    adc.o(i.ADC_IRQHandler) refers to stm32f4xx_gpio.o(i.GPIO_ToggleBits) for GPIO_ToggleBits
    adc.o(i.ADC_IRQHandler) refers to stm32f4xx_adc.o(i.ADC_GetInjectedConversionValue) for ADC_GetInjectedConversionValue
    adc.o(i.ADC_IRQHandler) refers to stm32f4xx_adc.o(i.ADC_ClearITPendingBit) for ADC_ClearITPendingBit
    adc.o(i.ADC_IRQHandler) refers to adc.o(.data) for k
    adc.o(i.ADC_Init123) refers to stm32f4xx_rcc.o(i.RCC_APB2PeriphClockCmd) for RCC_APB2PeriphClockCmd
    adc.o(i.ADC_Init123) refers to stm32f4xx_rcc.o(i.RCC_AHB1PeriphClockCmd) for RCC_AHB1PeriphClockCmd
    adc.o(i.ADC_Init123) refers to stm32f4xx_gpio.o(i.GPIO_Init) for GPIO_Init
    adc.o(i.ADC_Init123) refers to stm32f4xx_adc.o(i.ADC_CommonInit) for ADC_CommonInit
    adc.o(i.ADC_Init123) refers to stm32f4xx_adc.o(i.ADC_Init) for ADC_Init
    adc.o(i.ADC_Init123) refers to stm32f4xx_adc.o(i.ADC_RegularChannelConfig) for ADC_RegularChannelConfig
    adc.o(i.ADC_Init123) refers to stm32f4xx_adc.o(i.ADC_InjectedSequencerLengthConfig) for ADC_InjectedSequencerLengthConfig
    adc.o(i.ADC_Init123) refers to stm32f4xx_adc.o(i.ADC_ExternalTrigInjectedConvConfig) for ADC_ExternalTrigInjectedConvConfig
    adc.o(i.ADC_Init123) refers to stm32f4xx_adc.o(i.ADC_ExternalTrigInjectedConvEdgeConfig) for ADC_ExternalTrigInjectedConvEdgeConfig
    adc.o(i.ADC_Init123) refers to stm32f4xx_adc.o(i.ADC_InjectedDiscModeCmd) for ADC_InjectedDiscModeCmd
    adc.o(i.ADC_Init123) refers to stm32f4xx_adc.o(i.ADC_InjectedChannelConfig) for ADC_InjectedChannelConfig
    adc.o(i.ADC_Init123) refers to stm32f4xx_adc.o(i.ADC_DMACmd) for ADC_DMACmd
    adc.o(i.ADC_Init123) refers to misc.o(i.NVIC_PriorityGroupConfig) for NVIC_PriorityGroupConfig
    adc.o(i.ADC_Init123) refers to stm32f4xx_adc.o(i.ADC_ITConfig) for ADC_ITConfig
    adc.o(i.ADC_Init123) refers to misc.o(i.NVIC_Init) for NVIC_Init
    adc.o(i.ADC_Init123) refers to stm32f4xx_adc.o(i.ADC_Cmd) for ADC_Cmd
    main.o(i.main) refers to adc.o(i.ADC_Init123) for ADC_Init123
    main.o(i.main) refers to timer.o(i.TIM1_Pin_Config) for TIM1_Pin_Config
    main.o(i.main) refers to gpio.o(i.GPIO_init) for GPIO_init
    main.o(i.main) refers to dma.o(i.DMA_init) for DMA_init
    main.o(i.main) refers to usart.o(i.USART3_Init) for USART3_Init
    main.o(i.main) refers to timer.o(i.timer2_init) for timer2_init
    main.o(i.main) refers to gpio.o(i.CONTROL_A) for CONTROL_A
    main.o(i.main) refers to gpio.o(i.CONTROL_B) for CONTROL_B
    main.o(i.main) refers to stm32f4xx_adc.o(i.ADC_SoftwareStartConv) for ADC_SoftwareStartConv
    dma.o(i.DMA2_Stream1_IRQHandler) refers to stm32f4xx_dma.o(i.DMA_GetITStatus) for DMA_GetITStatus
    dma.o(i.DMA2_Stream1_IRQHandler) refers to dflt_clz.o(x$fpl$dflt) for __aeabi_i2d
    dma.o(i.DMA2_Stream1_IRQHandler) refers to drleqf.o(x$fpl$drleqf) for __aeabi_cdrcmple
    dma.o(i.DMA2_Stream1_IRQHandler) refers to stm32f4xx_gpio.o(i.GPIO_WriteBit) for GPIO_WriteBit
    dma.o(i.DMA2_Stream1_IRQHandler) refers to stm32f4xx_dma.o(i.DMA_ClearITPendingBit) for DMA_ClearITPendingBit
    dma.o(i.DMA2_Stream1_IRQHandler) refers to stm32f4xx_adc.o(i.ADC_SoftwareStartConv) for ADC_SoftwareStartConv
    dma.o(i.DMA2_Stream1_IRQHandler) refers to dma.o(.data) for ADCConvertedValue1
    dma.o(i.DMA2_Stream2_IRQHandler) refers to stm32f4xx_dma.o(i.DMA_GetITStatus) for DMA_GetITStatus
    dma.o(i.DMA2_Stream2_IRQHandler) refers to stm32f4xx_dma.o(i.DMA_ClearITPendingBit) for DMA_ClearITPendingBit
    dma.o(i.DMA2_Stream2_IRQHandler) refers to stm32f4xx_adc.o(i.ADC_SoftwareStartConv) for ADC_SoftwareStartConv
    dma.o(i.DMA2_Stream2_IRQHandler) refers to dma.o(.data) for ADCConvertedValue2
    dma.o(i.DMA_init) refers to stm32f4xx_dma.o(i.DMA_Init) for DMA_Init
    dma.o(i.DMA_init) refers to stm32f4xx_dma.o(i.DMA_Cmd) for DMA_Cmd
    dma.o(i.DMA_init) refers to stm32f4xx_dma.o(i.DMA_ITConfig) for DMA_ITConfig
    dma.o(i.DMA_init) refers to misc.o(i.NVIC_PriorityGroupConfig) for NVIC_PriorityGroupConfig
    dma.o(i.DMA_init) refers to misc.o(i.NVIC_Init) for NVIC_Init
    dma.o(i.DMA_init) refers to stm32f4xx_adc.o(i.ADC_DMARequestAfterLastTransferCmd) for ADC_DMARequestAfterLastTransferCmd
    dma.o(i.DMA_init) refers to dma.o(.bss) for DMA_InitStruct
    dma.o(i.DMA_init) refers to dma.o(.data) for ADCConvertedValue1
    dma.o(i.temp_uout_ubat) refers to _printf_percent.o(.ARM.Collect$$_printf_percent$$00000000) for _printf_percent
    dma.o(i.temp_uout_ubat) refers to _printf_d.o(.ARM.Collect$$_printf_percent$$00000009) for _printf_d
    dma.o(i.temp_uout_ubat) refers to _printf_dec.o(.text) for _printf_int_dec
    dma.o(i.temp_uout_ubat) refers to _printf_pad.o(.text) for _printf_pre_padding
[...]
    Lib\\STM32F4xx_StdPeriph_Driver\\src\\stm32f4xx_hash.c 0x00000000   Number         0  stm32f4xx_hash.o ABSOLUTE
    Lib\\STM32F4xx_StdPeriph_Driver\\src\\stm32f4xx_hash_md5.c 0x00000000   Number         0  stm32f4xx_hash_md5.o ABSOLUTE
    Lib\\STM32F4xx_StdPeriph_Driver\\src\\stm32f4xx_hash_sha1.c 0x00000000   Number         0  stm32f4xx_hash_sha1.o ABSOLUTE
    Lib\\STM32F4xx_StdPeriph_Driver\\src\\stm32f4xx_i2c.c 0x00000000   Number         0  stm32f4xx_i2c.o ABSOLUTE
    Lib\\STM32F4xx_StdPeriph_Driver\\src\\stm32f4xx_iwdg.c 0x00000000   Number         0  stm32f4xx_iwdg.o ABSOLUTE
    Lib\\STM32F4xx_StdPeriph_Driver\\src\\stm32f4xx_lptim.c 0x00000000   Number         0  stm32f4xx_lptim.o ABSOLUTE
    Lib\\STM32F4xx_StdPeriph_Driver\\src\\stm32f4xx_ltdc.c 0x00000000   Number         0  stm32f4xx_ltdc.o ABSOLUTE
    Lib\\STM32F4xx_StdPeriph_Driver\\src\\stm32f4xx_pwr.c 0x00000000   Number         0  stm32f4xx_pwr.o ABSOLUTE
    Lib\\STM32F4xx_StdPeriph_Driver\\src\\stm32f4xx_qspi.c 0x00000000   Number         0  stm32f4xx_qspi.o ABSOLUTE
    Lib\\STM32F4xx_StdPeriph_Driver\\src\\stm32f4xx_rcc.c 0x00000000   Number         0  stm32f4xx_rcc.o ABSOLUTE
    Lib\\STM32F4xx_StdPeriph_Driver\\src\\stm32f4xx_rng.c 0x00000000   Number         0  stm32f4xx_rng.o ABSOLUTE
    Lib\\STM32F4xx_StdPeriph_Driver\\src\\stm32f4xx_rtc.c 0x00000000   Number         0  stm32f4xx_rtc.o ABSOLUTE
    Lib\\STM32F4xx_StdPeriph_Driver\\src\\stm32f4xx_sai.c 0x00000000   Number         0  stm32f4xx_sai.o ABSOLUTE
    Lib\\STM32F4xx_StdPeriph_Driver\\src\\stm32f4xx_sdio.c 0x00000000   Number         0  stm32f4xx_sdio.o ABSOLUTE
    Lib\\STM32F4xx_StdPeriph_Driver\\src\\stm32f4xx_spdifrx.c 0x00000000   Number         0  stm32f4xx_spdifrx.o ABSOLUTE
    Lib\\STM32F4xx_StdPeriph_Driver\\src\\stm32f4xx_spi.c 0x00000000   Number         0  stm32f4xx_spi.o ABSOLUTE
    Lib\\STM32F4xx_StdPeriph_Driver\\src\\stm32f4xx_syscfg.c 0x00000000   Number         0  stm32f4xx_syscfg.o ABSOLUTE
    Lib\\STM32F4xx_StdPeriph_Driver\\src\\stm32f4xx_tim.c 0x00000000   Number         0  stm32f4xx_tim.o ABSOLUTE
    Lib\\STM32F4xx_StdPeriph_Driver\\src\\stm32f4xx_usart.c 0x00000000   Number         0  stm32f4xx_usart.o ABSOLUTE
    Lib\\STM32F4xx_StdPeriph_Driver\\src\\stm32f4xx_wwdg.c 0x00000000   Number         0  stm32f4xx_wwdg.o ABSOLUTE
    dc.s                                     0x00000000   Number         0  dc.o ABSOLUTE
    main.c                                   0x00000000   Number         0  main.o ABSOLUTE
    main.c                                   0x00000000   Number         0  main.o ABSOLUTE
    timer.c                                  0x00000000   Number         0  timer.o ABSOLUTE
    timer.c                                  0x00000000   Number         0  timer.o ABSOLUTE
    usart.c                                  0x00000000   Number         0  usart.o ABSOLUTE
    usart.c                                  0x00000000   Number         0  usart.o ABSOLUTE
    RESET                                    0x08000000   Section      392  startup_stm32f40_41xxx.o(RESET)
    !!!main                                  0x08000188   Section        8  __main.o(!!!main)
    !!!scatter                               0x08000190   Section       52  __scatter.o(!!!scatter)
    !!handler_copy                           0x080001c4   Section       26  __scatter_copy.o(!!handler_copy)
    !!handler_zi                             0x080001e0   Section       28  __scatter_zi.o(!!handler_zi)
    .ARM.Collect$$_printf_percent$$00000000  0x080001fc   Section        0  _printf_percent.o(.ARM.Collect$$_printf_percent$$00000000)
    .ARM.Collect$$_printf_percent$$00000003  0x080001fc   Section        6  _printf_f.o(.ARM.Collect$$_printf_percent$$00000003)
    .ARM.Collect$$_printf_percent$$00000009  0x08000202   Section        6  _printf_d.o(.ARM.Collect$$_printf_percent$$00000009)
    .ARM.Collect$$_printf_percent$$00000017  0x08000208   Section        4  _printf_percent_end.o(.ARM.Collect$$_printf_percent$$00000017)
    .ARM.Collect$$libinit$$00000000          0x0800020c   Section        2  libinit.o(.ARM.Collect$$libinit$$00000000)
    .ARM.Collect$$libinit$$00000001          0x0800020e   Section        4  libinit2.o(.ARM.Collect$$libinit$$00000001)
    .ARM.Collect$$libinit$$00000004          0x08000212   Section        0  libinit2.o(.ARM.Collect$$libinit$$00000004)
    .ARM.Collect$$libinit$$0000000A          0x08000212   Section        0  libinit2.o(.ARM.Collect$$libinit$$0000000A)
    .ARM.Collect$$libinit$$0000000C          0x08000212   Section        0  libinit2.o(.ARM.Collect$$libinit$$0000000C)
    .ARM.Collect$$libinit$$0000000E          0x08000212   Section        0  libinit2.o(.ARM.Collect$$libinit$$0000000E)
    .ARM.Collect$$libinit$$0000000F          0x08000212   Section        6  libinit2.o(.ARM.Collect$$libinit$$0000000F)
    .ARM.Collect$$libinit$$00000011          0x08000218   Section        0  libinit2.o(.ARM.Collect$$libinit$$00000011)
    .ARM.Collect$$libinit$$00000013          0x08000218   Section        0  libinit2.o(.ARM.Collect$$libinit$$00000013)
    .ARM.Collect$$libinit$$00000015          0x08000218   Section        0  libinit2.o(.ARM.Collect$$libinit$$00000015)
    .ARM.Collect$$libinit$$00000016          0x08000218   Section       10  libinit2.o(.ARM.Collect$$libinit$$00000016)
    .ARM.Collect$$libinit$$00000017          0x08000222   Section        0  libinit2.o(.ARM.Collect$$libinit$$00000017)
    .ARM.Collect$$libinit$$00000019          0x08000222   Section        0  libinit2.o(.ARM.Collect$$libinit$$00000019)
    .ARM.Collect$$libinit$$0000001B          0x08000222   Section        0  libinit2.o(.ARM.Collect$$libinit$$0000001B)
    .ARM.Collect$$libinit$$0000001D          0x08000222   Section        0  libinit2.o(.ARM.Collect$$libinit$$0000001D)
    .ARM.Collect$$libinit$$0000001F          0x08000222   Section        0  libinit2.o(.ARM.Collect$$libinit$$0000001F)
    .ARM.Collect$$libinit$$00000021          0x08000222   Section        0  libinit2.o(.ARM.Collect$$libinit$$00000021)
    .ARM.Collect$$libinit$$00000023          0x08000222   Section        0  libinit2.o(.ARM.Collect$$libinit$$00000023)
    .ARM.Collect$$libinit$$00000025          0x08000222   Section        0  libinit2.o(.ARM.Collect$$libinit$$00000025)
    .ARM.Collect$$libinit$$0000002C          0x08000222   Section        0  libinit2.o(.ARM.Collect$$libinit$$0000002C)
    .ARM.Collect$$libinit$$0000002E          0x08000222   Section        0  libinit2.o(.ARM.Collect$$libinit$$0000002E)
    .ARM.Collect$$libinit$$00000030          0x08000222   Section        0  libinit2.o(.ARM.Collect$$libinit$$00000030)
    .ARM.Collect$$libinit$$00000032          0x08000222   Section        0  libinit2.o(.ARM.Collect$$libinit$$00000032)
    .ARM.Collect$$libinit$$00000033          0x08000222   Section        2  libinit2.o(.ARM.Collect$$libinit$$00000033)
    .ARM.Collect$$libshutdown$$00000000      0x08000224   Section        2  libshutdown.o(.ARM.Collect$$libshutdown$$00000000)
    .ARM.Collect$$libshutdown$$00000002      0x08000226   Section        0  libshutdown2.o(.ARM.Collect$$libshutdown$$00000002)
    .ARM.Collect$$libshutdown$$00000004      0x08000226   Section        0  libshutdown2.o(.ARM.Collect$$libshutdown$$00000004)
    .ARM.Collect$$libshutdown$$00000007      0x08000226   Section        0  libshutdown2.o(.ARM.Collect$$libshutdown$$00000007)
    .ARM.Collect$$libshutdown$$0000000A      0x08000226   Section        0  libshutdown2.o(.ARM.Collect$$libshutdown$$0000000A)
    .ARM.Collect$$libshutdown$$0000000C      0x08000226   Section        0  libshutdown2.o(.ARM.Collect$$libshutdown$$0000000C)
    .ARM.Collect$$libshutdown$$0000000F      0x08000226   Section        0  libshutdown2.o(.ARM.Collect$$libshutdown$$0000000F)
    .ARM.Collect$$libshutdown$$00000010      0x08000226   Section        2  libshutdown2.o(.ARM.Collect$$libshutdown$$00000010)
    .ARM.Collect$$rtentry$$00000000          0x08000228   Section        0  __rtentry.o(.ARM.Collect$$rtentry$$00000000)
    .ARM.Collect$$rtentry$$00000002          0x08000228   Section        0  __rtentry2.o(.ARM.Collect$$rtentry$$00000002)
    .ARM.Collect$$rtentry$$00000004          0x08000228   Section        6  __rtentry4.o(.ARM.Collect$$rtentry$$00000004)
    .ARM.Collect$$rtentry$$00000009          0x0800022e   Section        0  __rtentry2.o(.ARM.Collect$$rtentry$$00000009)
    .ARM.Collect$$rtentry$$0000000A          0x0800022e   Section        4  __rtentry2.o(.ARM.Collect$$rtentry$$0000000A)
    .ARM.Collect$$rtentry$$0000000C          0x08000232   Section        0  __rtentry2.o(.ARM.Collect$$rtentry$$0000000C)
    .ARM.Collect$$rtentry$$0000000D          0x08000232   Section        8  __rtentry2.o(.ARM.Collect$$rtentry$$0000000D)
    .ARM.Collect$$rtexit$$00000000           0x0800023a   Section        2  rtexit.o(.ARM.Collect$$rtexit$$00000000)
    .ARM.Collect$$rtexit$$00000002           0x0800023c   Section        0  rtexit2.o(.ARM.Collect$$rtexit$$00000002)
    .ARM.Collect$$rtexit$$00000003           0x0800023c   Section        4  rtexit2.o(.ARM.Collect$$rtexit$$00000003)
    .ARM.Collect$$rtexit$$00000004           0x08000240   Section        6  rtexit2.o(.ARM.Collect$$rtexit$$00000004)
    .text                                    0x08000248   Section       64  startup_stm32f40_41xxx.o(.text)
    $v0                                      0x08000248   Number         0  startup_stm32f40_41xxx.o(.text)
    .text                                    0x08000288   Section        0  noretval__2sprintf.o(.text)
    .text                                    0x080002b0   Section        0  _printf_pad.o(.text)
    .text                                    0x08000300   Section        0  _printf_dec.o(.text)
    .text                                    0x08000378   Section        0  __printf_wp.o(.text)
    .text                                    0x08000486   Section        0  heapauxi.o(.text)
    .text                                    0x0800048c   Section        0  _rserrno.o(.text)
    .text                                    0x080004a2   Section        0  _printf_intcommon.o(.text)
    .text                                    0x08000554   Section        0  _printf_fp_dec.o(.text)
    _fp_digits                               0x08000557   Thumb Code   432  _printf_fp_dec.o(.text)
    .text                                    0x08000974   Section        0  _printf_char_common.o(.text)
    _printf_input_char                       0x08000975   Thumb Code    10  _printf_char_common.o(.text)
    .text                                    0x080009a4   Section        0  _sputc.o(.text)
    .text                                    0x080009b0   Section        8  rt_locale_intlibspace.o(.text)
    .text                                    0x080009b8   Section        8  rt_errno_addr_intlibspace.o(.text)
    .text                                    0x080009c0   Section      138  lludiv10.o(.text)
    .text                                    0x08000a4c   Section        0  _printf_fp_infnan.o(.text)
    .text                                    0x08000acc   Section        0  bigflt0.o(.text)
    .text                                    0x08000bb0   Section        8  libspace.o(.text)
    .text                                    0x08000bb8   Section       74  sys_stackheap_outer.o(.text)
    .text                                    0x08000c02   Section        0  exit.o(.text)
    .text                                    0x08000c14   Section      128  strcmpv7m.o(.text)
    .text                                    0x08000c94   Section        0  sys_exit.o(.text)
    .text                                    0x08000ca0   Section        2  use_no_semi.o(.text)
    .text                                    0x08000ca2   Section        0  indicate_semi.o(.text)
    CL$$btod_d2e                             0x08000ca2   Section       62  btod.o(CL$$btod_d2e)
    CL$$btod_d2e_denorm_low                  0x08000ce0   Section       70  btod.o(CL$$btod_d2e_denorm_low)
    CL$$btod_d2e_norm_op1                    0x08000d26   Section       96  btod.o(CL$$btod_d2e_norm_op1)
    CL$$btod_div_common                      0x08000d86   Section      824  btod.o(CL$$btod_div_common)
    CL$$btod_e2e                             0x080010be   Section      220  btod.o(CL$$btod_e2e)
    CL$$btod_ediv                            0x0800119a   Section       42  btod.o(CL$$btod_ediv)
    CL$$btod_emul                            0x080011c4   Section       42  btod.o(CL$$btod_emul)
    CL$$btod_mult_common                     0x080011ee   Section      580  btod.o(CL$$btod_mult_common)
    i.ADC_ClearITPendingBit                  0x08001432   Section        0  stm32f4xx_adc.o(i.ADC_ClearITPendingBit)
    i.ADC_Cmd                                0x0800143c   Section        0  stm32f4xx_adc.o(i.ADC_Cmd)
    i.ADC_CommonInit                         0x08001454   Section        0  stm32f4xx_adc.o(i.ADC_CommonInit)
    i.ADC_DMACmd                             0x08001484   Section        0  stm32f4xx_adc.o(i.ADC_DMACmd)
    i.ADC_DMARequestAfterLastTransferCmd     0x0800149a   Section        0  stm32f4xx_adc.o(i.ADC_DMARequestAfterLastTransferCmd)
    i.ADC_ExternalTrigInjectedConvConfig     0x080014b0   Section        0  stm32f4xx_adc.o(i.ADC_ExternalTrigInjectedConvConfig)
    i.ADC_ExternalTrigInjectedConvEdgeConfig 0x080014c0   Section        0  stm32f4xx_adc.o(i.ADC_ExternalTrigInjectedConvEdgeConfig)
    i.ADC_GetITStatus                        0x080014d0   Section        0  stm32f4xx_adc.o(i.ADC_GetITStatus)
    i.ADC_GetInjectedConversionValue         0x080014f6   Section        0  stm32f4xx_adc.o(i.ADC_GetInjectedConversionValue)
    i.ADC_IRQHandler                         0x08001514   Section        0  adc.o(i.ADC_IRQHandler)
    i.ADC_ITConfig                           0x080015a4   Section        0  stm32f4xx_adc.o(i.ADC_ITConfig)
    i.ADC_Init                               0x080015c4   Section        0  stm32f4xx_adc.o(i.ADC_Init)
    i.ADC_Init123                            0x08001618   Section        0  adc.o(i.ADC_Init123)
    i.ADC_InjectedChannelConfig              0x080017e4   Section        0  stm32f4xx_adc.o(i.ADC_InjectedChannelConfig)
    i.ADC_InjectedDiscModeCmd                0x08001866   Section        0  stm32f4xx_adc.o(i.ADC_InjectedDiscModeCmd)
    i.ADC_InjectedSequencerLengthConfig      0x0800187c   Section        0  stm32f4xx_adc.o(i.ADC_InjectedSequencerLengthConfig)
    i.ADC_RegularChannelConfig               0x08001894   Section        0  stm32f4xx_adc.o(i.ADC_RegularChannelConfig)
    i.ADC_SoftwareStartConv                  0x0800194c   Section        0  stm32f4xx_adc.o(i.ADC_SoftwareStartConv)
    i.CONTROL_A                              0x08001958   Section        0  gpio.o(i.CONTROL_A)
    i.CONTROL_B                              0x08001980   Section        0  gpio.o(i.CONTROL_B)
    i.DMA2_Stream1_IRQHandler                0x080019a8   Section        0  dma.o(i.DMA2_Stream1_IRQHandler)
    i.DMA2_Stream2_IRQHandler                0x08001a84   Section        0  dma.o(i.DMA2_Stream2_IRQHandler)
    i.DMA_ClearITPendingBit                  0x08001b10   Section        0  stm32f4xx_dma.o(i.DMA_ClearITPendingBit)
    i.DMA_Cmd                                0x08001b44   Section        0  stm32f4xx_dma.o(i.DMA_Cmd)
    i.DMA_GetITStatus                        0x08001b5c   Section        0  stm32f4xx_dma.o(i.DMA_GetITStatus)
    i.DMA_ITConfig                           0x08001bc0   Section        0  stm32f4xx_dma.o(i.DMA_ITConfig)
    i.DMA_Init                               0x08001bfc   Section        0  stm32f4xx_dma.o(i.DMA_Init)
    i.DMA_init                               0x08001c54   Section        0  dma.o(i.DMA_init)
    i.GPIO_Init                              0x08001d78   Section        0  stm32f4xx_gpio.o(i.GPIO_Init)
    i.GPIO_PinAFConfig                       0x08001e08   Section        0  stm32f4xx_gpio.o(i.GPIO_PinAFConfig)
    i.GPIO_ToggleBits                        0x08001e4e   Section        0  stm32f4xx_gpio.o(i.GPIO_ToggleBits)
    i.GPIO_WriteBit                          0x08001e56   Section        0  stm32f4xx_gpio.o(i.GPIO_WriteBit)
    i.GPIO_init                              0x08001e60   Section        0  gpio.o(i.GPIO_init)
    i.NVIC_Init                              0x08001ec4   Section        0  misc.o(i.NVIC_Init)
    i.NVIC_PriorityGroupConfig               0x08001f3c   Section        0  misc.o(i.NVIC_PriorityGroupConfig)
    i.RCC_AHB1PeriphClockCmd                 0x08001f50   Section        0  stm32f4xx_rcc.o(i.RCC_AHB1PeriphClockCmd)
    i.RCC_APB1PeriphClockCmd                 0x08001f70   Section        0  stm32f4xx_rcc.o(i.RCC_APB1PeriphClockCmd)
    i.RCC_APB2PeriphClockCmd                 0x08001f90   Section        0  stm32f4xx_rcc.o(i.RCC_APB2PeriphClockCmd)
    i.RCC_GetClocksFreq                      0x08001fb0   Section        0  stm32f4xx_rcc.o(i.RCC_GetClocksFreq)
    i.SetSysClock                            0x08002094   Section        0  system_stm32f4xx.o(i.SetSysClock)
    SetSysClock                              0x08002095   Thumb Code   220  system_stm32f4xx.o(i.SetSysClock)
    i.SystemInit                             0x08002180   Section        0  system_stm32f4xx.o(i.SystemInit)
    i.TIM1_Pin_Config                        0x080021e8   Section        0  timer.o(i.TIM1_Pin_Config)
    i.TIM2_IRQHandler                        0x08002330   Section        0  timer.o(i.TIM2_IRQHandler)
    i.TIM_BDTRConfig                         0x0800236c   Section        0  stm32f4xx_tim.o(i.TIM_BDTRConfig)
    i.TIM_ClearITPendingBit                  0x0800238c   Section        0  stm32f4xx_tim.o(i.TIM_ClearITPendingBit)
    i.TIM_Cmd                                0x08002392   Section        0  stm32f4xx_tim.o(i.TIM_Cmd)
    i.TIM_CtrlPWMOutputs                     0x080023aa   Section        0  stm32f4xx_tim.o(i.TIM_CtrlPWMOutputs)
    i.TIM_GetITStatus                        0x080023c8   Section        0  stm32f4xx_tim.o(i.TIM_GetITStatus)
    i.TIM_ITConfig                           0x080023ea   Section        0  stm32f4xx_tim.o(i.TIM_ITConfig)
    i.TIM_OC1Init                            0x080023fc   Section        0  stm32f4xx_tim.o(i.TIM_OC1Init)
    i.TIM_OC1PreloadConfig                   0x08002478   Section        0  stm32f4xx_tim.o(i.TIM_OC1PreloadConfig)
    i.TIM_SelectOutputTrigger                0x0800248a   Section        0  stm32f4xx_tim.o(i.TIM_SelectOutputTrigger)
    i.TIM_TimeBaseInit                       0x0800249c   Section        0  stm32f4xx_tim.o(i.TIM_TimeBaseInit)
    i.USART3_Dequeue                         0x08002520   Section        0  usart.o(i.USART3_Dequeue)
    i.USART3_IRQHandler                      0x08002598   Section        0  usart.o(i.USART3_IRQHandler)
    i.USART3_Init                            0x08002630   Section        0  usart.o(i.USART3_Init)
    i.USART3_SendChar                        0x08002714   Section        0  usart.o(i.USART3_SendChar)
    i.USART_ClearITPendingBit                0x0800273c   Section        0  stm32f4xx_usart.o(i.USART_ClearITPendingBit)
    i.USART_Cmd                              0x0800275a   Section        0  stm32f4xx_usart.o(i.USART_Cmd)
    i.USART_GetITStatus                      0x08002772   Section        0  stm32f4xx_usart.o(i.USART_GetITStatus)
    i.USART_ITConfig                         0x080027c6   Section        0  stm32f4xx_usart.o(i.USART_ITConfig)
    i.USART_Init                             0x08002810   Section        0  stm32f4xx_usart.o(i.USART_Init)
    i.USART_ReceiveData                      0x080028e4   Section        0  stm32f4xx_usart.o(i.USART_ReceiveData)
    i.USART_SendData                         0x080028ee   Section        0  stm32f4xx_usart.o(i.USART_SendData)
    i.__ARM_fpclassify                       0x080028f6   Section        0  fpclassify.o(i.__ARM_fpclassify)
    i.__hardfp_sqrt                          0x08002926   Section        0  sqrt.o(i.__hardfp_sqrt)
    i._is_digit                              0x080029a0   Section        0  __printf_wp.o(i._is_digit)
    i.main                                   0x080029b0   Section        0  main.o(i.main)
    i.send_message                           0x080029e4   Section        0  usart.o(i.send_message)
    i.temp_uout_ubat                         0x08002a08   Section        0  dma.o(i.temp_uout_ubat)
    i.timer2_init                            0x08002c60   Section        0  timer.o(i.timer2_init)
    i.voltage_supercond                      0x08002cd4   Section        0  dma.o(i.voltage_supercond)
    locale$$code                             0x08002dd8   Section       44  lc_numeric_c.o(locale$$code)
    x$fpl$d2f                                0x08002e04   Section       98  d2f.o(x$fpl$d2f)
    $v0                                      0x08002e04   Number         0  d2f.o(x$fpl$d2f)
    x$fpl$dadd                               0x08002e68   Section      336  daddsub_clz.o(x$fpl$dadd)
    $v0                                      0x08002e68   Number         0  daddsub_clz.o(x$fpl$dadd)
    _dadd1                                   0x08002e79   Thumb Code     0  daddsub_clz.o(x$fpl$dadd)
    x$fpl$dcmpinf                            0x08002fb8   Section       24  dcmpi.o(x$fpl$dcmpinf)
    $v0                                      0x08002fb8   Number         0  dcmpi.o(x$fpl$dcmpinf)
    x$fpl$ddiv                               0x08002fd0   Section      688  ddiv.o(x$fpl$ddiv)
    $v0                                      0x08002fd0   Number         0  ddiv.o(x$fpl$ddiv)
    ddiv_entry                               0x08002fd7   Thumb Code     0  ddiv.o(x$fpl$ddiv)
    x$fpl$dflt                               0x08003280   Section       46  dflt_clz.o(x$fpl$dflt)
    $v0                                      0x08003280   Number         0  dflt_clz.o(x$fpl$dflt)
    x$fpl$dfltu                              0x080032ae   Section       38  dflt_clz.o(x$fpl$dfltu)
    $v0                                      0x080032ae   Number         0  dflt_clz.o(x$fpl$dfltu)
    x$fpl$dleqf                              0x080032d4   Section      120  dleqf.o(x$fpl$dleqf)
    $v0                                      0x080032d4   Number         0  dleqf.o(x$fpl$dleqf)
    x$fpl$dmul                               0x0800334c   Section      340  dmul.o(x$fpl$dmul)
    $v0                                      0x0800334c   Number         0  dmul.o(x$fpl$dmul)
    x$fpl$dnaninf                            0x080034a0   Section      156  dnaninf.o(x$fpl$dnaninf)
    $v0                                      0x080034a0   Number         0  dnaninf.o(x$fpl$dnaninf)
    x$fpl$dretinf                            0x0800353c   Section       12  dretinf.o(x$fpl$dretinf)
    $v0                                      0x0800353c   Number         0  dretinf.o(x$fpl$dretinf)
    x$fpl$drleqf                             0x08003548   Section      108  drleqf.o(x$fpl$drleqf)
    $v0                                      0x08003548   Number         0  drleqf.o(x$fpl$drleqf)
    x$fpl$drsb                               0x080035b4   Section       22  daddsub_clz.o(x$fpl$drsb)
    $v0                                      0x080035b4   Number         0  daddsub_clz.o(x$fpl$drsb)
    x$fpl$dsqrt                              0x080035cc   Section      408  dsqrt_umaal.o(x$fpl$dsqrt)
    $v0                                      0x080035cc   Number         0  dsqrt_umaal.o(x$fpl$dsqrt)
    x$fpl$dsub                               0x08003764   Section      468  daddsub_clz.o(x$fpl$dsub)
    $v0                                      0x08003764   Number         0  daddsub_clz.o(x$fpl$dsub)
    _dsub1                                   0x08003775   Thumb Code     0  daddsub_clz.o(x$fpl$dsub)
    x$fpl$f2d                                0x08003938   Section       86  f2d.o(x$fpl$f2d)
    $v0                                      0x08003938   Number         0  f2d.o(x$fpl$f2d)
    x$fpl$fnaninf                            0x0800398e   Section      140  fnaninf.o(x$fpl$fnaninf)
    $v0                                      0x0800398e   Number         0  fnaninf.o(x$fpl$fnaninf)
    x$fpl$fpinit                             0x08003a1a   Section       10  fpinit.o(x$fpl$fpinit)
    $v0                                      0x08003a1a   Number         0  fpinit.o(x$fpl$fpinit)
    x$fpl$fretinf                            0x08003a24   Section       10  fretinf.o(x$fpl$fretinf)
    $v0                                      0x08003a24   Number         0  fretinf.o(x$fpl$fretinf)
    x$fpl$printf1                            0x08003a2e   Section        4  printf1.o(x$fpl$printf1)
    $v0                                      0x08003a2e   Number         0  printf1.o(x$fpl$printf1)
    x$fpl$usenofp                            0x08003a32   Section        0  usenofp.o(x$fpl$usenofp)
    .constdata                               0x08003a34   Section      148  bigflt0.o(.constdata)
    tenpwrs_x                                0x08003a34   Data          60  bigflt0.o(.constdata)
    tenpwrs_i                                0x08003a70   Data          64  bigflt0.o(.constdata)
    locale$$data                             0x08003ae8   Section       28  lc_numeric_c.o(locale$$data)
    __lcnum_c_name                           0x08003aec   Data           2  lc_numeric_c.o(locale$$data)
    __lcnum_c_start                          0x08003af4   Data           0  lc_numeric_c.o(locale$$data)
    __lcnum_c_point                          0x08003b00   Data           0  lc_numeric_c.o(locale$$data)
    __lcnum_c_thousands                      0x08003b02   Data           0  lc_numeric_c.o(locale$$data)
    __lcnum_c_grouping                       0x08003b03   Data           0  lc_numeric_c.o(locale$$data)
    __lcnum_c_end                            0x08003b04   Data           0  lc_numeric_c.o(locale$$data)
    .data                                    0x20000000   Section        6  adc.o(.data)
    .data                                    0x20000008   Section       44  dma.o(.data)
    .data                                    0x20000034   Section       11  usart.o(.data)
    rx_char                                  0x2000003d   Data           1  usart.o(.data)
    rx_head                                  0x2000003e   Data           1  usart.o(.data)
    .data                                    0x20000040   Section       12  timer.o(.data)
    .data                                    0x2000004c   Section       16  stm32f4xx_rcc.o(.data)
    APBAHBPrescTable                         0x2000004c   Data          16  stm32f4xx_rcc.o(.data)
    .bss                                     0x2000005c   Section       60  dma.o(.bss)
    .bss                                     0x20000098   Section       16  usart.o(.bss)
    .bss                                     0x200000a8   Section       96  libspace.o(.bss)
    HEAP                                     0x20000108   Section      512  startup_stm32f40_41xxx.o(HEAP)
    Heap_Mem                                 0x20000108   Data         512  startup_stm32f40_41xxx.o(HEAP)
    STACK                                    0x20000308   Section     1024  startup_stm32f40_41xxx.o(STACK)
    Stack_Mem                                0x20000308   Data        1024  startup_stm32f40_41xxx.o(STACK)
    __initial_sp                             0x20000708   Data           0  startup_stm32f40_41xxx.o(STACK)

    Global Symbols

    Symbol Name                              Value     Ov Type        Size  Object(Section)

    BuildAttributes$$THM_ISAv4$E$P$D$K$B$S$7EM$VFPi3$EXTD16$VFPS$VFMA$PE$A:L22UL41UL21$X:L11$S22US41US21$IEEE1$IW$USESV6$~STKCKD$USESV7$~SHL$OTIME$ROPI$IEEEJ$EBA8$UX$STANDARDLIB$REQ8$PRES8$EABIv2 0x00000000   Number         0  anon$$obj.o ABSOLUTE
    __ARM_use_no_argv                        0x00000000   Number         0  main.o ABSOLUTE
    _printf_flags                            0x00000000   Number         0  printf_stubs.o ABSOLUTE
    _printf_return_value                     0x00000000   Number         0  printf_stubs.o ABSOLUTE
    _printf_sizespec                         0x00000000   Number         0  printf_stubs.o ABSOLUTE
    _printf_widthprec                        0x00000000   Number         0  printf_stubs.o ABSOLUTE
    __ARM_exceptions_init                     - Undefined Weak Reference
    __alloca_initialize                       - Undefined Weak Reference
    __arm_preinit_                            - Undefined Weak Reference
    __cpp_initialize__aeabi_                  - Undefined Weak Reference
    __cxa_finalize                            - Undefined Weak Reference
    __sigvec_lookup                           - Undefined Weak Reference
    _atexit_init                              - Undefined Weak Reference
    _call_atexit_fns                          - Undefined Weak Reference
    _clock_init                               - Undefined Weak Reference
    _fp_trap_init                             - Undefined Weak Reference
    _fp_trap_shutdown                         - Undefined Weak Reference
    _get_lc_collate                           - Undefined Weak Reference
    _get_lc_ctype                             - Undefined Weak Reference
    _get_lc_monetary                          - Undefined Weak Reference
    _get_lc_time                              - Undefined Weak Reference
    _getenv_init                              - Undefined Weak Reference
    _handle_redirection                       - Undefined Weak Reference
    _init_alloc                               - Undefined Weak Reference
    _init_user_alloc                          - Undefined Weak Reference
    _initio                                   - Undefined Weak Reference
    _printf_truncate_signed                   - Undefined Weak Reference
    _printf_truncate_unsigned                 - Undefined Weak Reference
    _rand_init                                - Undefined Weak Reference
    _signal_finish                            - Undefined Weak Reference
    _signal_init                              - Undefined Weak Reference
    _terminate_alloc                          - Undefined Weak Reference
    _terminate_user_alloc                     - Undefined Weak Reference
    _terminateio                              - Undefined Weak Reference
    __Vectors_Size                           0x00000188   Number         0  startup_stm32f40_41xxx.o ABSOLUTE
    __Vectors                                0x08000000   Data           4  startup_stm32f40_41xxx.o(RESET)
    __Vectors_End                            0x08000188   Data           0  startup_stm32f40_41xxx.o(RESET)
    __main                                   0x08000189   Thumb Code     8  __main.o(!!!main)
    __scatterload                            0x08000191   Thumb Code     0  __scatter.o(!!!scatter)
    __scatterload_rt2                        0x08000191   Thumb Code    44  __scatter.o(!!!scatter)
    __scatterload_rt2_thumb_only             0x08000191   Thumb Code     0  __scatter.o(!!!scatter)
    __scatterload_null                       0x0800019f   Thumb Code     0  __scatter.o(!!!scatter)
    __scatterload_copy                       0x080001c5   Thumb Code    26  __scatter_copy.o(!!handler_copy)
    __scatterload_zeroinit                   0x080001e1   Thumb Code    28  __scatter_zi.o(!!handler_zi)
    _printf_f                                0x080001fd   Thumb Code     0  _printf_f.o(.ARM.Collect$$_printf_percent$$00000003)
    _printf_percent                          0x080001fd   Thumb Code     0  _printf_percent.o(.ARM.Collect$$_printf_percent$$00000000)
    _printf_d                                0x08000203   Thumb Code     0  _printf_d.o(.ARM.Collect$$_printf_percent$$00000009)
    _printf_percent_end                      0x08000209   Thumb Code     0  _printf_percent_end.o(.ARM.Collect$$_printf_percent$$00000017)
    __rt_lib_init                            0x0800020d   Thumb Code     0  libinit.o(.ARM.Collect$$libinit$$00000000)
    __rt_lib_init_fp_1                       0x0800020f   Thumb Code     0  libinit2.o(.ARM.Collect$$libinit$$00000001)
    __rt_lib_init_heap_1                     0x08000213   Thumb Code     0  libinit2.o(.ARM.Collect$$libinit$$0000000A)
    __rt_lib_init_lc_common                  0x08000213   Thumb Code     0  libinit2.o(.ARM.Collect$$libinit$$0000000F)
    __rt_lib_init_preinit_1                  0x08000213   Thumb Code     0  libinit2.o(.ARM.Collect$$libinit$$00000004)
    __rt_lib_init_rand_1                     0x08000213   Thumb Code     0  libinit2.o(.ARM.Collect$$libinit$$0000000E)
    __rt_lib_init_user_alloc_1               0x08000213   Thumb Code     0  libinit2.o(.ARM.Collect$$libinit$$0000000C)
    __rt_lib_init_lc_collate_1               0x08000219   Thumb Code     0  libinit2.o(.ARM.Collect$$libinit$$00000011)
    __rt_lib_init_lc_ctype_1                 0x08000219   Thumb Code     0  libinit2.o(.ARM.Collect$$libinit$$00000013)
    __rt_lib_init_lc_monetary_1              0x08000219   Thumb Code     0  libinit2.o(.ARM.Collect$$libinit$$00000015)
    __rt_lib_init_lc_numeric_2               0x08000219   Thumb Code     0  libinit2.o(.ARM.Collect$$libinit$$00000016)
    __rt_lib_init_alloca_1                   0x08000223   Thumb Code     0  libinit2.o(.ARM.Collect$$libinit$$0000002E)
    __rt_lib_init_argv_1                     0x08000223   Thumb Code     0  libinit2.o(.ARM.Collect$$libinit$$0000002C)
    __rt_lib_init_atexit_1                   0x08000223   Thumb Code     0  libinit2.o(.ARM.Collect$$libinit$$0000001B)
    __rt_lib_init_clock_1                    0x08000223   Thumb Code     0  libinit2.o(.ARM.Collect$$libinit$$00000021)
    __rt_lib_init_cpp_1                      0x08000223   Thumb Code     0  libinit2.o(.ARM.Collect$$libinit$$00000032)
    __rt_lib_init_exceptions_1               0x08000223   Thumb Code     0  libinit2.o(.ARM.Collect$$libinit$$00000030)
    __rt_lib_init_fp_trap_1                  0x08000223   Thumb Code     0  libinit2.o(.ARM.Collect$$libinit$$0000001F)
    __rt_lib_init_getenv_1                   0x08000223   Thumb Code     0  libinit2.o(.ARM.Collect$$libinit$$00000023)
    __rt_lib_init_lc_numeric_1               0x08000223   Thumb Code     0  libinit2.o(.ARM.Collect$$libinit$$00000017)
    __rt_lib_init_lc_time_1                  0x08000223   Thumb Code     0  libinit2.o(.ARM.Collect$$libinit$$00000019)
    __rt_lib_init_return                     0x08000223   Thumb Code     0  libinit2.o(.ARM.Collect$$libinit$$00000033)
    __rt_lib_init_signal_1                   0x08000223   Thumb Code     0  libinit2.o(.ARM.Collect$$libinit$$0000001D)
    __rt_lib_init_stdio_1                    0x08000223   Thumb Code     0  libinit2.o(.ARM.Collect$$libinit$$00000025)
    __rt_lib_shutdown                        0x08000225   Thumb Code     0  libshutdown.o(.ARM.Collect$$libshutdown$$00000000)
    __rt_lib_shutdown_cpp_1                  0x08000227   Thumb Code     0  libshutdown2.o(.ARM.Collect$$libshutdown$$00000002)
    __rt_lib_shutdown_fp_trap_1              0x08000227   Thumb Code     0  libshutdown2.o(.ARM.Collect$$libshutdown$$00000007)
    __rt_lib_shutdown_heap_1                 0x08000227   Thumb Code     0  libshutdown2.o(.ARM.Collect$$libshutdown$$0000000F)
    __rt_lib_shutdown_return                 0x08000227   Thumb Code     0  libshutdown2.o(.ARM.Collect$$libshutdown$$00000010)
    __rt_lib_shutdown_signal_1               0x08000227   Thumb Code     0  libshutdown2.o(.ARM.Collect$$libshutdown$$0000000A)
    __rt_lib_shutdown_stdio_1                0x08000227   Thumb Code     0  libshutdown2.o(.ARM.Collect$$libshutdown$$00000004)
    __rt_lib_shutdown_user_alloc_1           0x08000227   Thumb Code     0  libshutdown2.o(.ARM.Collect$$libshutdown$$0000000C)
    __rt_entry                               0x08000229   Thumb Code     0  __rtentry.o(.ARM.Collect$$rtentry$$00000000)
    __rt_entry_presh_1                       0x08000229   Thumb Code     0  __rtentry2.o(.ARM.Collect$$rtentry$$00000002)
    __rt_entry_sh                            0x08000229   Thumb Code     0  __rtentry4.o(.ARM.Collect$$rtentry$$00000004)
    __rt_entry_li                            0x0800022f   Thumb Code     0  __rtentry2.o(.ARM.Collect$$rtentry$$0000000A)
    __rt_entry_postsh_1                      0x0800022f   Thumb Code     0  __rtentry2.o(.ARM.Collect$$rtentry$$00000009)
    __rt_entry_main                          0x08000233   Thumb Code     0  __rtentry2.o(.ARM.Collect$$rtentry$$0000000D)
    __rt_entry_postli_1                      0x08000233   Thumb Code     0  __rtentry2.o(.ARM.Collect$$rtentry$$0000000C)
    __rt_exit                                0x0800023b   Thumb Code     0  rtexit.o(.ARM.Collect$$rtexit$$00000000)
    __rt_exit_ls                             0x0800023d   Thumb Code     0  rtexit2.o(.ARM.Collect$$rtexit$$00000003)
    __rt_exit_prels_1                        0x0800023d   Thumb Code     0  rtexit2.o(.ARM.Collect$$rtexit$$00000002)
    __rt_exit_exit                           0x08000241   Thumb Code     0  rtexit2.o(.ARM.Collect$$rtexit$$00000004)
    Reset_Handler                            0x08000249   Thumb Code     8  startup_stm32f40_41xxx.o(.text)
    NMI_Handler                              0x08000251   Thumb Code     2  startup_stm32f40_41xxx.o(.text)
    HardFault_Handler                        0x08000253   Thumb Code     2  startup_stm32f40_41xxx.o(.text)
    MemManage_Handler                        0x08000255   Thumb Code     2  startup_stm32f40_41xxx.o(.text)
    BusFault_Handler                         0x08000257   Thumb Code     2  startup_stm32f40_41xxx.o(.text)
    UsageFault_Handler                       0x08000259   Thumb Code     2  startup_stm32f40_41xxx.o(.text)
    SVC_Handler                              0x0800025b   Thumb Code     2  startup_stm32f40_41xxx.o(.text)
    DebugMon_Handler                         0x0800025d   Thumb Code     2  startup_stm32f40_41xxx.o(.text)
    PendSV_Handler                           0x0800025f   Thumb Code     2  startup_stm32f40_41xxx.o(.text)
    SysTick_Handler                          0x08000261   Thumb Code     2  startup_stm32f40_41xxx.o(.text)
    CAN1_RX0_IRQHandler                      0x08000263   Thumb Code     0  startup_stm32f40_41xxx.o(.text)
    CAN1_RX1_IRQHandler                      0x08000263   Thumb Code     0  startup_stm32f40_41xxx.o(.text)
    CAN1_SCE_IRQHandler                      0x08000263   Thumb Code     0  startup_stm32f40_41xxx.o(.text)
    CAN1_TX_IRQHandler                       0x08000263   Thumb Code     0  startup_stm32f40_41xxx.o(.text)
    CAN2_RX0_IRQHandler                      0x08000263   Thumb Code     0  startup_stm32f40_41xxx.o(.text)
    CAN2_RX1_IRQHandler                      0x08000263   Thumb Code     0  startup_stm32f40_41xxx.o(.text)
    CAN2_SCE_IRQHandler                      0x08000263   Thumb Code     0  startup_stm32f40_41xxx.o(.text)
    CAN2_TX_IRQHandler                       0x08000263   Thumb Code     0  startup_stm32f40_41xxx.o(.text)
    CRYP_IRQHandler                          0x08000263   Thumb Code     0  startup_stm32f40_41xxx.o(.text)
    DCMI_IRQHandler                          0x08000263   Thumb Code     0  startup_stm32f40_41xxx.o(.text)
    DMA1_Stream0_IRQHandler                  0x08000263   Thumb Code     0  startup_stm32f40_41xxx.o(.text)
    DMA1_Stream1_IRQHandler                  0x08000263   Thumb Code     0  startup_stm32f40_41xxx.o(.text)
    DMA1_Stream2_IRQHandler                  0x08000263   Thumb Code     0  startup_stm32f40_41xxx.o(.text)
    DMA1_Stream3_IRQHandler                  0x08000263   Thumb Code     0  startup_stm32f40_41xxx.o(.text)
    DMA1_Stream4_IRQHandler                  0x08000263   Thumb Code     0  startup_stm32f40_41xxx.o(.text)
    DMA1_Stream5_IRQHandler                  0x08000263   Thumb Code     0  startup_stm32f40_41xxx.o(.text)
    DMA1_Stream6_IRQHandler                  0x08000263   Thumb Code     0  startup_stm32f40_41xxx.o(.text)
    DMA1_Stream7_IRQHandler                  0x08000263   Thumb Code     0  startup_stm32f40_41xxx.o(.text)
    DMA2_Stream0_IRQHandler                  0x08000263   Thumb Code     0  startup_stm32f40_41xxx.o(.text)
    DMA2_Stream3_IRQHandler                  0x08000263   Thumb Code     0  startup_stm32f40_41xxx.o(.text)
    DMA2_Stream4_IRQHandler                  0x08000263   Thumb Code     0  startup_stm32f40_41xxx.o(.text)
    DMA2_Stream5_IRQHandler                  0x08000263   Thumb Code     0  startup_stm32f40_41xxx.o(.text)
    DMA2_Stream6_IRQHandler                  0x08000263   Thumb Code     0  startup_stm32f40_41xxx.o(.text)
    DMA2_Stream7_IRQHandler                  0x08000263   Thumb Code     0  startup_stm32f40_41xxx.o(.text)
    ETH_IRQHandler                           0x08000263   Thumb Code     0  startup_stm32f40_41xxx.o(.text)
    ETH_WKUP_IRQHandler                      0x08000263   Thumb Code     0  startup_stm32f40_41xxx.o(.text)
    EXTI0_IRQHandler                         0x08000263   Thumb Code     0  startup_stm32f40_41xxx.o(.text)
    EXTI15_10_IRQHandler                     0x08000263   Thumb Code     0  startup_stm32f40_41xxx.o(.text)
    EXTI1_IRQHandler                         0x08000263   Thumb Code     0  startup_stm32f40_41xxx.o(.text)
    EXTI2_IRQHandler                         0x08000263   Thumb Code     0  startup_stm32f40_41xxx.o(.text)
    EXTI3_IRQHandler                         0x08000263   Thumb Code     0  startup_stm32f40_41xxx.o(.text)
    EXTI4_IRQHandler                         0x08000263   Thumb Code     0  startup_stm32f40_41xxx.o(.text)
    EXTI9_5_IRQHandler                       0x08000263   Thumb Code     0  startup_stm32f40_41xxx.o(.text)
    FLASH_IRQHandler                         0x08000263   Thumb Code     0  startup_stm32f40_41xxx.o(.text)
    FPU_IRQHandler                           0x08000263   Thumb Code     0  startup_stm32f40_41xxx.o(.text)
    FSMC_IRQHandler                          0x08000263   Thumb Code     0  startup_stm32f40_41xxx.o(.text)
    HASH_RNG_IRQHandler                      0x08000263   Thumb Code     0  startup_stm32f40_41xxx.o(.text)
    I2C1_ER_IRQHandler                       0x08000263   Thumb Code     0  startup_stm32f40_41xxx.o(.text)
    I2C1_EV_IRQHandler                       0x08000263   Thumb Code     0  startup_stm32f40_41xxx.o(.text)
    I2C2_ER_IRQHandler                       0x08000263   Thumb Code     0  startup_stm32f40_41xxx.o(.text)
    I2C2_EV_IRQHandler                       0x08000263   Thumb Code     0  startup_stm32f40_41xxx.o(.text)
    I2C3_ER_IRQHandler                       0x08000263   Thumb Code     0  startup_stm32f40_41xxx.o(.text)
    I2C3_EV_IRQHandler                       0x08000263   Thumb Code     0  startup_stm32f40_41xxx.o(.text)
    OTG_FS_IRQHandler                        0x08000263   Thumb Code     0  startup_stm32f40_41xxx.o(.text)
    OTG_FS_WKUP_IRQHandler                   0x08000263   Thumb Code     0  startup_stm32f40_41xxx.o(.text)
    OTG_HS_EP1_IN_IRQHandler                 0x08000263   Thumb Code     0  startup_stm32f40_41xxx.o(.text)
    OTG_HS_EP1_OUT_IRQHandler                0x08000263   Thumb Code     0  startup_stm32f40_41xxx.o(.text)
    OTG_HS_IRQHandler                        0x08000263   Thumb Code     0  startup_stm32f40_41xxx.o(.text)
    OTG_HS_WKUP_IRQHandler                   0x08000263   Thumb Code     0  startup_stm32f40_41xxx.o(.text)
    PVD_IRQHandler                           0x08000263   Thumb Code     0  startup_stm32f40_41xxx.o(.text)
    RCC_IRQHandler                           0x08000263   Thumb Code     0  startup_stm32f40_41xxx.o(.text)
    RTC_Alarm_IRQHandler                     0x08000263   Thumb Code     0  startup_stm32f40_41xxx.o(.text)
    RTC_WKUP_IRQHandler                      0x08000263   Thumb Code     0  startup_stm32f40_41xxx.o(.text)
    SDIO_IRQHandler                          0x08000263   Thumb Code     0  startup_stm32f40_41xxx.o(.text)
    SPI1_IRQHandler                          0x08000263   Thumb Code     0  startup_stm32f40_41xxx.o(.text)
    SPI2_IRQHandler                          0x08000263   Thumb Code     0  startup_stm32f40_41xxx.o(.text)
    SPI3_IRQHandler                          0x08000263   Thumb Code     0  startup_stm32f40_41xxx.o(.text)
    TAMP_STAMP_IRQHandler                    0x08000263   Thumb Code     0  startup_stm32f40_41xxx.o(.text)
    TIM1_BRK_TIM9_IRQHandler                 0x08000263   Thumb Code     0  startup_stm32f40_41xxx.o(.text)
    TIM1_CC_IRQHandler                       0x08000263   Thumb Code     0  startup_stm32f40_41xxx.o(.text)
    TIM1_TRG_COM_TIM11_IRQHandler            0x08000263   Thumb Code     0  startup_stm32f40_41xxx.o(.text)
    TIM1_UP_TIM10_IRQHandler                 0x08000263   Thumb Code     0  startup_stm32f40_41xxx.o(.text)
    TIM3_IRQHandler                          0x08000263   Thumb Code     0  startup_stm32f40_41xxx.o(.text)
    TIM4_IRQHandler                          0x08000263   Thumb Code     0  startup_stm32f40_41xxx.o(.text)
    TIM5_IRQHandler                          0x08000263   Thumb Code     0  startup_stm32f40_41xxx.o(.text)
    TIM6_DAC_IRQHandler                      0x08000263   Thumb Code     0  startup_stm32f40_41xxx.o(.text)
    TIM7_IRQHandler                          0x08000263   Thumb Code     0  startup_stm32f40_41xxx.o(.text)
    TIM8_BRK_TIM12_IRQHandler                0x08000263   Thumb Code     0  startup_stm32f40_41xxx.o(.text)
    TIM8_CC_IRQHandler                       0x08000263   Thumb Code     0  startup_stm32f40_41xxx.o(.text)
    TIM8_TRG_COM_TIM14_IRQHandler            0x08000263   Thumb Code     0  startup_stm32f40_41xxx.o(.text)
    TIM8_UP_TIM13_IRQHandler                 0x08000263   Thumb Code     0  startup_stm32f40_41xxx.o(.text)
    UART4_IRQHandler                         0x08000263   Thumb Code     0  startup_stm32f40_41xxx.o(.text)
    UART5_IRQHandler                         0x08000263   Thumb Code     0  startup_stm32f40_41xxx.o(.text)
    USART1_IRQHandler                        0x08000263   Thumb Code     0  startup_stm32f40_41xxx.o(.text)
    USART2_IRQHandler                        0x08000263   Thumb Code     0  startup_stm32f40_41xxx.o(.text)
    USART6_IRQHandler                        0x08000263   Thumb Code     0  startup_stm32f40_41xxx.o(.text)
    WWDG_IRQHandler                          0x08000263   Thumb Code     0  startup_stm32f40_41xxx.o(.text)
    __user_initial_stackheap                 0x08000265   Thumb Code     0  startup_stm32f40_41xxx.o(.text)
    __2sprintf                               0x08000289   Thumb Code    34  noretval__2sprintf.o(.text)
    _printf_pre_padding                      0x080002b1   Thumb Code    44  _printf_pad.o(.text)
    _printf_post_padding                     0x080002dd   Thumb Code    34  _printf_pad.o(.text)
    _printf_int_dec                          0x08000301   Thumb Code   104  _printf_dec.o(.text)
    __printf                                 0x08000379   Thumb Code   270  __printf_wp.o(.text)
    __use_two_region_memory                  0x08000487   Thumb Code     2  heapauxi.o(.text)
    __rt_heap_escrow$2region                 0x08000489   Thumb Code     2  heapauxi.o(.text)
    __rt_heap_expand$2region                 0x0800048b   Thumb Code     2  heapauxi.o(.text)
    __read_errno                             0x0800048d   Thumb Code    10  _rserrno.o(.text)
    __set_errno                              0x08000497   Thumb Code    12  _rserrno.o(.text)
    _printf_int_common                       0x080004a3   Thumb Code   178  _printf_intcommon.o(.text)
    __lib_sel_fp_printf                      0x08000555   Thumb Code     2  _printf_fp_dec.o(.text)
    _printf_fp_dec_real                      0x08000707   Thumb Code   620  _printf_fp_dec.o(.text)
    _printf_char_common                      0x0800097f   Thumb Code    32  _printf_char_common.o(.text)
    _sputc                                   0x080009a5   Thumb Code    10  _sputc.o(.text)
    __rt_locale                              0x080009b1   Thumb Code     8  rt_locale_intlibspace.o(.text)
    __aeabi_errno_addr                       0x080009b9   Thumb Code     8  rt_errno_addr_intlibspace.o(.text)
    __errno$intlibspace                      0x080009b9   Thumb Code     0  rt_errno_addr_intlibspace.o(.text)
    __rt_errno_addr$intlibspace              0x080009b9   Thumb Code     0  rt_errno_addr_intlibspace.o(.text)
    _ll_udiv10                               0x080009c1   Thumb Code   138  lludiv10.o(.text)
    _printf_fp_infnan                        0x08000a4d   Thumb Code   112  _printf_fp_infnan.o(.text)
    _btod_etento                             0x08000acd   Thumb Code   224  bigflt0.o(.text)
    __user_libspace                          0x08000bb1   Thumb Code     8  libspace.o(.text)
    __user_perproc_libspace                  0x08000bb1   Thumb Code     0  libspace.o(.text)
    __user_perthread_libspace                0x08000bb1   Thumb Code     0  libspace.o(.text)
    __user_setup_stackheap                   0x08000bb9   Thumb Code    74  sys_stackheap_outer.o(.text)
    exit                                     0x08000c03   Thumb Code    18  exit.o(.text)
    strcmp                                   0x08000c15   Thumb Code   128  strcmpv7m.o(.text)
    _sys_exit                                0x08000c95   Thumb Code     8  sys_exit.o(.text)
    __I$use$semihosting                      0x08000ca1   Thumb Code     0  use_no_semi.o(.text)
    __use_no_semihosting_swi                 0x08000ca1   Thumb Code     2  use_no_semi.o(.text)
    __semihosting_library_function           0x08000ca3   Thumb Code     0  indicate_semi.o(.text)
    _btod_d2e                                0x08000ca3   Thumb Code    62  btod.o(CL$$btod_d2e)
    _d2e_denorm_low                          0x08000ce1   Thumb Code    70  btod.o(CL$$btod_d2e_denorm_low)
    _d2e_norm_op1                            0x08000d27   Thumb Code    96  btod.o(CL$$btod_d2e_norm_op1)
    __btod_div_common                        0x08000d87   Thumb Code   696  btod.o(CL$$btod_div_common)
    _e2e                                     0x080010bf   Thumb Code   220  btod.o(CL$$btod_e2e)
    _btod_ediv                               0x0800119b   Thumb Code    42  btod.o(CL$$btod_ediv)
    _btod_emul                               0x080011c5   Thumb Code    42  btod.o(CL$$btod_emul)
    __btod_mult_common                       0x080011ef   Thumb Code   580  btod.o(CL$$btod_mult_common)
    ADC_ClearITPendingBit                    0x08001433   Thumb Code    10  stm32f4xx_adc.o(i.ADC_ClearITPendingBit)
    ADC_Cmd                                  0x0800143d   Thumb Code    22  stm32f4xx_adc.o(i.ADC_Cmd)
    ADC_CommonInit                           0x08001455   Thumb Code    34  stm32f4xx_adc.o(i.ADC_CommonInit)
    ADC_DMACmd                               0x08001485   Thumb Code    22  stm32f4xx_adc.o(i.ADC_DMACmd)
    ADC_DMARequestAfterLastTransferCmd       0x0800149b   Thumb Code    22  stm32f4xx_adc.o(i.ADC_DMARequestAfterLastTransferCmd)
    ADC_ExternalTrigInjectedConvConfig       0x080014b1   Thumb Code    16  stm32f4xx_adc.o(i.ADC_ExternalTrigInjectedConvConfig)
    ADC_ExternalTrigInjectedConvEdgeConfig   0x080014c1   Thumb Code    16  stm32f4xx_adc.o(i.ADC_ExternalTrigInjectedConvEdgeConfig)
    ADC_GetITStatus                          0x080014d1   Thumb Code    38  stm32f4xx_adc.o(i.ADC_GetITStatus)
    ADC_GetInjectedConversionValue           0x080014f7   Thumb Code    28  stm32f4xx_adc.o(i.ADC_GetInjectedConversionValue)
    ADC_IRQHandler                           0x08001515   Thumb Code   126  adc.o(i.ADC_IRQHandler)
    ADC_ITConfig                             0x080015a5   Thumb Code    32  stm32f4xx_adc.o(i.ADC_ITConfig)
    ADC_Init                                 0x080015c5   Thumb Code    74  stm32f4xx_adc.o(i.ADC_Init)
    ADC_Init123                              0x08001619   Thumb Code   440  adc.o(i.ADC_Init123)
    ADC_InjectedChannelConfig                0x080017e5   Thumb Code   130  stm32f4xx_adc.o(i.ADC_InjectedChannelConfig)
    ADC_InjectedDiscModeCmd                  0x08001867   Thumb Code    22  stm32f4xx_adc.o(i.ADC_InjectedDiscModeCmd)
    ADC_InjectedSequencerLengthConfig        0x0800187d   Thumb Code    24  stm32f4xx_adc.o(i.ADC_InjectedSequencerLengthConfig)
    ADC_RegularChannelConfig                 0x08001895   Thumb Code   184  stm32f4xx_adc.o(i.ADC_RegularChannelConfig)
    ADC_SoftwareStartConv                    0x0800194d   Thumb Code    10  stm32f4xx_adc.o(i.ADC_SoftwareStartConv)
    CONTROL_A                                0x08001959   Thumb Code    36  gpio.o(i.CONTROL_A)
    CONTROL_B                                0x08001981   Thumb Code    36  gpio.o(i.CONTROL_B)
    DMA2_Stream1_IRQHandler                  0x080019a9   Thumb Code   186  dma.o(i.DMA2_Stream1_IRQHandler)
    DMA2_Stream2_IRQHandler                  0x08001a85   Thumb Code   118  dma.o(i.DMA2_Stream2_IRQHandler)
    DMA_ClearITPendingBit                    0x08001b11   Thumb Code    38  stm32f4xx_dma.o(i.DMA_ClearITPendingBit)
    DMA_Cmd                                  0x08001b45   Thumb Code    22  stm32f4xx_dma.o(i.DMA_Cmd)
    DMA_GetITStatus                          0x08001b5d   Thumb Code    82  stm32f4xx_dma.o(i.DMA_GetITStatus)
    DMA_ITConfig                             0x08001bc1   Thumb Code    58  stm32f4xx_dma.o(i.DMA_ITConfig)
    DMA_Init                                 0x08001bfd   Thumb Code    82  stm32f4xx_dma.o(i.DMA_Init)
    DMA_init                                 0x08001c55   Thumb Code   262  dma.o(i.DMA_init)
    GPIO_Init                                0x08001d79   Thumb Code   144  stm32f4xx_gpio.o(i.GPIO_Init)
    GPIO_PinAFConfig                         0x08001e09   Thumb Code    70  stm32f4xx_gpio.o(i.GPIO_PinAFConfig)
    GPIO_ToggleBits                          0x08001e4f   Thumb Code     8  stm32f4xx_gpio.o(i.GPIO_ToggleBits)
    GPIO_WriteBit                            0x08001e57   Thumb Code    10  stm32f4xx_gpio.o(i.GPIO_WriteBit)
    GPIO_init                                0x08001e61   Thumb Code    92  gpio.o(i.GPIO_init)
    NVIC_Init                                0x08001ec5   Thumb Code   106  misc.o(i.NVIC_Init)
    NVIC_PriorityGroupConfig                 0x08001f3d   Thumb Code    10  misc.o(i.NVIC_PriorityGroupConfig)
    RCC_AHB1PeriphClockCmd                   0x08001f51   Thumb Code    26  stm32f4xx_rcc.o(i.RCC_AHB1PeriphClockCmd)
    RCC_APB1PeriphClockCmd                   0x08001f71   Thumb Code    26  stm32f4xx_rcc.o(i.RCC_APB1PeriphClockCmd)
    RCC_APB2PeriphClockCmd                   0x08001f91   Thumb Code    26  stm32f4xx_rcc.o(i.RCC_APB2PeriphClockCmd)
    RCC_GetClocksFreq                        0x08001fb1   Thumb Code   214  stm32f4xx_rcc.o(i.RCC_GetClocksFreq)
    SystemInit                               0x08002181   Thumb Code    88  system_stm32f4xx.o(i.SystemInit)
    TIM1_Pin_Config                          0x080021e9   Thumb Code   306  timer.o(i.TIM1_Pin_Config)
    TIM2_IRQHandler                          0x08002331   Thumb Code    60  timer.o(i.TIM2_IRQHandler)
    TIM_BDTRConfig                           0x0800236d   Thumb Code    32  stm32f4xx_tim.o(i.TIM_BDTRConfig)
    TIM_ClearITPendingBit                    0x0800238d   Thumb Code     6  stm32f4xx_tim.o(i.TIM_ClearITPendingBit)
    TIM_Cmd                                  0x08002393   Thumb Code    24  stm32f4xx_tim.o(i.TIM_Cmd)
    TIM_CtrlPWMOutputs                       0x080023ab   Thumb Code    30  stm32f4xx_tim.o(i.TIM_CtrlPWMOutputs)
    TIM_GetITStatus                          0x080023c9   Thumb Code    34  stm32f4xx_tim.o(i.TIM_GetITStatus)
    TIM_ITConfig                             0x080023eb   Thumb Code    18  stm32f4xx_tim.o(i.TIM_ITConfig)
    TIM_OC1Init                              0x080023fd   Thumb Code   114  stm32f4xx_tim.o(i.TIM_OC1Init)
    TIM_OC1PreloadConfig                     0x08002479   Thumb Code    18  stm32f4xx_tim.o(i.TIM_OC1PreloadConfig)
    TIM_SelectOutputTrigger                  0x0800248b   Thumb Code    18  stm32f4xx_tim.o(i.TIM_SelectOutputTrigger)
    TIM_TimeBaseInit                         0x0800249d   Thumb Code   104  stm32f4xx_tim.o(i.TIM_TimeBaseInit)
    USART3_Dequeue                           0x08002521   Thumb Code   104  usart.o(i.USART3_Dequeue)
    USART3_IRQHandler                        0x08002599   Thumb Code   122  usart.o(i.USART3_IRQHandler)
    USART3_Init                              0x08002631   Thumb Code   208  usart.o(i.USART3_Init)
    USART3_SendChar                          0x08002715   Thumb Code    30  usart.o(i.USART3_SendChar)
    USART_ClearITPendingBit                  0x0800273d   Thumb Code    30  stm32f4xx_usart.o(i.USART_ClearITPendingBit)
    USART_Cmd                                0x0800275b   Thumb Code    24  stm32f4xx_usart.o(i.USART_Cmd)
    USART_GetITStatus                        0x08002773   Thumb Code    84  stm32f4xx_usart.o(i.USART_GetITStatus)
    USART_ITConfig                           0x080027c7   Thumb Code    74  stm32f4xx_usart.o(i.USART_ITConfig)
    USART_Init                               0x08002811   Thumb Code   204  stm32f4xx_usart.o(i.USART_Init)
    USART_ReceiveData                        0x080028e5   Thumb Code    10  stm32f4xx_usart.o(i.USART_ReceiveData)
    USART_SendData                           0x080028ef   Thumb Code     8  stm32f4xx_usart.o(i.USART_SendData)
    __ARM_fpclassify                         0x080028f7   Thumb Code    48  fpclassify.o(i.__ARM_fpclassify)
    __hardfp_sqrt                            0x08002927   Thumb Code   122  sqrt.o(i.__hardfp_sqrt)
    _is_digit                                0x080029a1   Thumb Code    14  __printf_wp.o(i._is_digit)
    main                                     0x080029b1   Thumb Code    46  main.o(i.main)
    send_message                             0x080029e5   Thumb Code    32  usart.o(i.send_message)
    temp_uout_ubat                           0x08002a09   Thumb Code   392  dma.o(i.temp_uout_ubat)
    timer2_init                              0x08002c61   Thumb Code   116  timer.o(i.timer2_init)
    voltage_supercond                        0x08002cd5   Thumb Code    80  dma.o(i.voltage_supercond)
    _get_lc_numeric                          0x08002dd9   Thumb Code    44  lc_numeric_c.o(locale$$code)
    __aeabi_d2f                              0x08002e05   Thumb Code     0  d2f.o(x$fpl$d2f)
    _d2f                                     0x08002e05   Thumb Code    98  d2f.o(x$fpl$d2f)
    __aeabi_dadd                             0x08002e69   Thumb Code     0  daddsub_clz.o(x$fpl$dadd)
    _dadd                                    0x08002e69   Thumb Code   332  daddsub_clz.o(x$fpl$dadd)
    __fpl_dcmp_Inf                           0x08002fb9   Thumb Code    24  dcmpi.o(x$fpl$dcmpinf)
    __aeabi_ddiv                             0x08002fd1   Thumb Code     0  ddiv.o(x$fpl$ddiv)
    _ddiv                                    0x08002fd1   Thumb Code   552  ddiv.o(x$fpl$ddiv)
    __aeabi_i2d                              0x08003281   Thumb Code     0  dflt_clz.o(x$fpl$dflt)
    _dflt                                    0x08003281   Thumb Code    46  dflt_clz.o(x$fpl$dflt)
    __aeabi_ui2d                             0x080032af   Thumb Code     0  dflt_clz.o(x$fpl$dfltu)
    _dfltu                                   0x080032af   Thumb Code    38  dflt_clz.o(x$fpl$dfltu)
    __aeabi_cdcmple                          0x080032d5   Thumb Code     0  dleqf.o(x$fpl$dleqf)
    _dcmple                                  0x080032d5   Thumb Code   120  dleqf.o(x$fpl$dleqf)
    __fpl_dcmple_InfNaN                      0x08003337   Thumb Code     0  dleqf.o(x$fpl$dleqf)
    __aeabi_dmul                             0x0800334d   Thumb Code     0  dmul.o(x$fpl$dmul)
    _dmul                                    0x0800334d   Thumb Code   332  dmul.o(x$fpl$dmul)
    __fpl_dnaninf                            0x080034a1   Thumb Code   156  dnaninf.o(x$fpl$dnaninf)
    __fpl_dretinf                            0x0800353d   Thumb Code    12  dretinf.o(x$fpl$dretinf)
    __aeabi_cdrcmple                         0x08003549   Thumb Code     0  drleqf.o(x$fpl$drleqf)
    _drcmple                                 0x08003549   Thumb Code   108  drleqf.o(x$fpl$drleqf)
    __aeabi_drsub                            0x080035b5   Thumb Code     0  daddsub_clz.o(x$fpl$drsb)
    _drsb                                    0x080035b5   Thumb Code    22  daddsub_clz.o(x$fpl$drsb)
    _dsqrt                                   0x080035cd   Thumb Code   404  dsqrt_umaal.o(x$fpl$dsqrt)
    __aeabi_dsub                             0x08003765   Thumb Code     0  daddsub_clz.o(x$fpl$dsub)
    _dsub                                    0x08003765   Thumb Code   464  daddsub_clz.o(x$fpl$dsub)
    __aeabi_f2d                              0x08003939   Thumb Code     0  f2d.o(x$fpl$f2d)
    _f2d                                     0x08003939   Thumb Code    86  f2d.o(x$fpl$f2d)
    __fpl_fnaninf                            0x0800398f   Thumb Code   140  fnaninf.o(x$fpl$fnaninf)
    _fp_init                                 0x08003a1b   Thumb Code    10  fpinit.o(x$fpl$fpinit)
    __fplib_config_fpu_vfp                   0x08003a23   Thumb Code     0  fpinit.o(x$fpl$fpinit)
    __fplib_config_pureend_doubles           0x08003a23   Thumb Code     0  fpinit.o(x$fpl$fpinit)
    __fpl_fretinf                            0x08003a25   Thumb Code    10  fretinf.o(x$fpl$fretinf)
    _printf_fp_dec                           0x08003a2f   Thumb Code     4  printf1.o(x$fpl$printf1)
    __I$use$fp                               0x08003a32   Number         0  usenofp.o(x$fpl$usenofp)
    Region$$Table$$Base                      0x08003ac8   Number         0  anon$$obj.o(Region$$Table)
    Region$$Table$$Limit                     0x08003ae8   Number         0  anon$$obj.o(Region$$Table)
    Current                                  0x20000000   Data           4  adc.o(.data)
    k                                        0x20000004   Data           2  adc.o(.data)
    NVIC_InitStruct                          0x20000008   Data           4  dma.o(.data)
    ADCConvertedValue1                       0x2000000c   Data           8  dma.o(.data)
    ADCConvertedValue2                       0x20000014   Data           8  dma.o(.data)
    y                                        0x2000001c   Data           4  dma.o(.data)
    z                                        0x20000020   Data           4  dma.o(.data)
    Voltage                                  0x20000024   Data           8  dma.o(.data)
    SuperConds                               0x2000002c   Data           8  dma.o(.data)
    RX_BUFFER_HEAD                           0x20000034   Data           4  usart.o(.data)
    RX_BUFFER_TAIL                           0x20000038   Data           4  usart.o(.data)
    TxReady                                  0x2000003c   Data           1  usart.o(.data)
    i                                        0x20000040   Data           4  timer.o(.data)
    CCR1_Val                                 0x20000044   Data           2  timer.o(.data)
    CCR2_Val                                 0x20000046   Data           2  timer.o(.data)
    PrescalerValue                           0x20000048   Data           2  timer.o(.data)
    PrescalerValue1                          0x2000004a   Data           2  timer.o(.data)
    DMA_InitStruct                           0x2000005c   Data          60  dma.o(.bss)
    RX_BUFFER                                0x20000098   Data          16  usart.o(.bss)
    __libspace_start                         0x200000a8   Data          96  libspace.o(.bss)
    __temporary_stack_top$libspace           0x20000108   Data           0  libspace.o(.bss)



==============================================================================

Memory Map of the image

  Image Entry point : 0x08000249

  Load Region LR_1 (Base: 0x08000000, Size: 0x00003b60, Max: 0xffffffff, ABSOLUTE)

    Execution Region ER_RO (Exec base: 0x08000000, Load base: 0x08000000, Size: 0x00003b04, Max: 0xffffffff, ABSOLUTE)

    Exec Addr    Load Addr    Size         Type   Attr      Idx    E Section Name        Object

    0x08000000   0x08000000   0x00000188   Data   RO          432    RESET               startup_stm32f40_41xxx.o
    0x08000188   0x08000188   0x00000008   Code   RO         5479  * !!!main             c_w.l(__main.o)
    0x08000190   0x08000190   0x00000034   Code   RO         5750    !!!scatter          c_w.l(__scatter.o)
    0x080001c4   0x080001c4   0x0000001a   Code   RO         5752    !!handler_copy      c_w.l(__scatter_copy.o)
    0x080001de   0x080001de   0x00000002   PAD
    0x080001e0   0x080001e0   0x0000001c   Code   RO         5754    !!handler_zi        c_w.l(__scatter_zi.o)
    0x080001fc   0x080001fc   0x00000000   Code   RO         5476    .ARM.Collect$$_printf_percent$$00000000  c_w.l(_printf_percent.o)
    0x080001fc   0x080001fc   0x00000006   Code   RO         5475    .ARM.Collect$$_printf_percent$$00000003  c_w.l(_printf_f.o)
    0x08000202   0x08000202   0x00000006   Code   RO         5474    .ARM.Collect$$_printf_percent$$00000009  c_w.l(_printf_d.o)
    0x08000208   0x08000208   0x00000004   Code   RO         5530    .ARM.Collect$$_printf_percent$$00000017  c_w.l(_printf_percent_end.o)
    0x0800020c   0x0800020c   0x00000002   Code   RO         5623    .ARM.Collect$$libinit$$00000000  c_w.l(libinit.o)
    0x0800020e   0x0800020e   0x00000004   Code   RO         5624    .ARM.Collect$$libinit$$00000001  c_w.l(libinit2.o)
    0x08000212   0x08000212   0x00000000   Code   RO         5627    .ARM.Collect$$libinit$$00000004  c_w.l(libinit2.o)
    0x08000212   0x08000212   0x00000000   Code   RO         5630    .ARM.Collect$$libinit$$0000000A  c_w.l(libinit2.o)
    0x08000212   0x08000212   0x00000000   Code   RO         5632    .ARM.Collect$$libinit$$0000000C  c_w.l(libinit2.o)
    0x08000212   0x08000212   0x00000000   Code   RO         5634    .ARM.Collect$$libinit$$0000000E  c_w.l(libinit2.o)
    0x08000212   0x08000212   0x00000006   Code   RO         5635    .ARM.Collect$$libinit$$0000000F  c_w.l(libinit2.o)
    0x08000218   0x08000218   0x00000000   Code   RO         5637    .ARM.Collect$$libinit$$00000011  c_w.l(libinit2.o)
    0x08000218   0x08000218   0x00000000   Code   RO         5639    .ARM.Collect$$libinit$$00000013  c_w.l(libinit2.o)
    0x08000218   0x08000218   0x00000000   Code   RO         5641    .ARM.Collect$$libinit$$00000015  c_w.l(libinit2.o)
    0x08000218   0x08000218   0x0000000a   Code   RO         5642    .ARM.Collect$$libinit$$00000016  c_w.l(libinit2.o)
    0x08000222   0x08000222   0x00000000   Code   RO         5643    .ARM.Collect$$libinit$$00000017  c_w.l(libinit2.o)
    0x08000222   0x08000222   0x00000000   Code   RO         5645    .ARM.Collect$$libinit$$00000019  c_w.l(libinit2.o)
    0x08000222   0x08000222   0x00000000   Code   RO         5647    .ARM.Collect$$libinit$$0000001B  c_w.l(libinit2.o)
    0x08000222   0x08000222   0x00000000   Code   RO         5649    .ARM.Collect$$libinit$$0000001D  c_w.l(libinit2.o)
    0x08000222   0x08000222   0x00000000   Code   RO         5651    .ARM.Collect$$libinit$$0000001F  c_w.l(libinit2.o)
    0x08000222   0x08000222   0x00000000   Code   RO         5653    .ARM.Collect$$libinit$$00000021  c_w.l(libinit2.o)
    0x08000222   0x08000222   0x00000000   Code   RO         5655    .ARM.Collect$$libinit$$00000023  c_w.l(libinit2.o)
    0x08000222   0x08000222   0x00000000   Code   RO         5657    .ARM.Collect$$libinit$$00000025  c_w.l(libinit2.o)
    0x08000222   0x08000222   0x00000000   Code   RO         5661    .ARM.Collect$$libinit$$0000002C  c_w.l(libinit2.o)
    0x08000222   0x08000222   0x00000000   Code   RO         5663    .ARM.Collect$$libinit$$0000002E  c_w.l(libinit2.o)
    0x08000222   0x08000222   0x00000000   Code   RO         5665    .ARM.Collect$$libinit$$00000030  c_w.l(libinit2.o)
    0x08000222   0x08000222   0x00000000   Code   RO         5667    .ARM.Collect$$libinit$$00000032  c_w.l(libinit2.o)
    0x08000222   0x08000222   0x00000002   Code   RO         5668    .ARM.Collect$$libinit$$00000033  c_w.l(libinit2.o)
    0x08000224   0x08000224   0x00000002   Code   RO         5698    .ARM.Collect$$libshutdown$$00000000  c_w.l(libshutdown.o)
    0x08000226   0x08000226   0x00000000   Code   RO         5709    .ARM.Collect$$libshutdown$$00000002  c_w.l(libshutdown2.o)
    0x08000226   0x08000226   0x00000000   Code   RO         5711    .ARM.Collect$$libshutdown$$00000004  c_w.l(libshutdown2.o)
    0x08000226   0x08000226   0x00000000   Code   RO         5714    .ARM.Collect$$libshutdown$$00000007  c_w.l(libshutdown2.o)
    0x08000226   0x08000226   0x00000000   Code   RO         5717    .ARM.Collect$$libshutdown$$0000000A  c_w.l(libshutdown2.o)
    0x08000226   0x08000226   0x00000000   Code   RO         5719    .ARM.Collect$$libshutdown$$0000000C  c_w.l(libshutdown2.o)
    0x08000226   0x08000226   0x00000000   Code   RO         5722    .ARM.Collect$$libshutdown$$0000000F  c_w.l(libshutdown2.o)
    0x08000226   0x08000226   0x00000002   Code   RO         5723    .ARM.Collect$$libshutdown$$00000010  c_w.l(libshutdown2.o)
    0x08000228   0x08000228   0x00000000   Code   RO         5519    .ARM.Collect$$rtentry$$00000000  c_w.l(__rtentry.o)
    0x08000228   0x08000228   0x00000000   Code   RO         5545    .ARM.Collect$$rtentry$$00000002  c_w.l(__rtentry2.o)
    0x08000228   0x08000228   0x00000006   Code   RO         5557    .ARM.Collect$$rtentry$$00000004  c_w.l(__rtentry4.o)
    0x0800022e   0x0800022e   0x00000000   Code   RO         5547    .ARM.Collect$$rtentry$$00000009  c_w.l(__rtentry2.o)
    0x0800022e   0x0800022e   0x00000004   Code   RO         5548    .ARM.Collect$$rtentry$$0000000A  c_w.l(__rtentry2.o)
    0x08000232   0x08000232   0x00000000   Code   RO         5550    .ARM.Collect$$rtentry$$0000000C  c_w.l(__rtentry2.o)
    0x08000232   0x08000232   0x00000008   Code   RO         5551    .ARM.Collect$$rtentry$$0000000D  c_w.l(__rtentry2.o)
    0x0800023a   0x0800023a   0x00000002   Code   RO         5669    .ARM.Collect$$rtexit$$00000000  c_w.l(rtexit.o)
    0x0800023c   0x0800023c   0x00000000   Code   RO         5676    .ARM.Collect$$rtexit$$00000002  c_w.l(rtexit2.o)
    0x0800023c   0x0800023c   0x00000004   Code   RO         5677    .ARM.Collect$$rtexit$$00000003  c_w.l(rtexit2.o)
    0x08000240   0x08000240   0x00000006   Code   RO         5678    .ARM.Collect$$rtexit$$00000004  c_w.l(rtexit2.o)
    0x08000246   0x08000246   0x00000002   PAD
    0x08000248   0x08000248   0x00000040   Code   RO          433  * .text               startup_stm32f40_41xxx.o
    0x08000288   0x08000288   0x00000028   Code   RO         5446    .text               c_w.l(noretval__2sprintf.o)
    0x080002b0   0x080002b0   0x0000004e   Code   RO         5450    .text               c_w.l(_printf_pad.o)
    0x080002fe   0x080002fe   0x00000002   PAD
    0x08000300   0x08000300   0x00000078   Code   RO         5452    .text               c_w.l(_printf_dec.o)
    0x08000378   0x08000378   0x0000010e   Code   RO         5462    .text               c_w.l(__printf_wp.o)
    0x08000486   0x08000486   0x00000006   Code   RO         5477    .text               c_w.l(heapauxi.o)
    0x0800048c   0x0800048c   0x00000016   Code   RO         5520    .text               c_w.l(_rserrno.o)
    0x080004a2   0x080004a2   0x000000b2   Code   RO         5522    .text               c_w.l(_printf_intcommon.o)
    0x08000554   0x08000554   0x0000041e   Code   RO         5524    .text               c_w.l(_printf_fp_dec.o)
    0x08000972   0x08000972   0x00000002   PAD
    0x08000974   0x08000974   0x00000030   Code   RO         5526    .text               c_w.l(_printf_char_common.o)
    0x080009a4   0x080009a4   0x0000000a   Code   RO         5528    .text               c_w.l(_sputc.o)
    0x080009ae   0x080009ae   0x00000002   PAD
    0x080009b0   0x080009b0   0x00000008   Code   RO         5562    .text               c_w.l(rt_locale_intlibspace.o)
    0x080009b8   0x080009b8   0x00000008   Code   RO         5567    .text               c_w.l(rt_errno_addr_intlibspace.o)
    0x080009c0   0x080009c0   0x0000008a   Code   RO         5569    .text               c_w.l(lludiv10.o)
    0x08000a4a   0x08000a4a   0x00000002   PAD
    0x08000a4c   0x08000a4c   0x00000080   Code   RO         5571    .text               c_w.l(_printf_fp_infnan.o)
    0x08000acc   0x08000acc   0x000000e4   Code   RO         5575    .text               c_w.l(bigflt0.o)
    0x08000bb0   0x08000bb0   0x00000008   Code   RO         5609    .text               c_w.l(libspace.o)
    0x08000bb8   0x08000bb8   0x0000004a   Code   RO         5612    .text               c_w.l(sys_stackheap_outer.o)
    0x08000c02   0x08000c02   0x00000012   Code   RO         5614    .text               c_w.l(exit.o)
    0x08000c14   0x08000c14   0x00000080   Code   RO         5616    .text               c_w.l(strcmpv7m.o)
    0x08000c94   0x08000c94   0x0000000c   Code   RO         5688    .text               c_w.l(sys_exit.o)
    0x08000ca0   0x08000ca0   0x00000002   Code   RO         5699    .text               c_w.l(use_no_semi.o)
    0x08000ca2   0x08000ca2   0x00000000   Code   RO         5701    .text               c_w.l(indicate_semi.o)
    0x08000ca2   0x08000ca2   0x0000003e   Code   RO         5578    CL$$btod_d2e        c_w.l(btod.o)
    0x08000ce0   0x08000ce0   0x00000046   Code   RO         5580    CL$$btod_d2e_denorm_low  c_w.l(btod.o)
    0x08000d26   0x08000d26   0x00000060   Code   RO         5579    CL$$btod_d2e_norm_op1  c_w.l(btod.o)
    0x08000d86   0x08000d86   0x00000338   Code   RO         5588    CL$$btod_div_common  c_w.l(btod.o)
    0x080010be   0x080010be   0x000000dc   Code   RO         5585    CL$$btod_e2e        c_w.l(btod.o)
    0x0800119a   0x0800119a   0x0000002a   Code   RO         5582    CL$$btod_ediv       c_w.l(btod.o)
    0x080011c4   0x080011c4   0x0000002a   Code   RO         5581    CL$$btod_emul       c_w.l(btod.o)
    0x080011ee   0x080011ee   0x00000244   Code   RO         5587    CL$$btod_mult_common  c_w.l(btod.o)
    0x08001432   0x08001432   0x0000000a   Code   RO          493    i.ADC_ClearITPendingBit  stm32f4xx_adc.o
    0x0800143c   0x0800143c   0x00000016   Code   RO          494    i.ADC_Cmd           stm32f4xx_adc.o
    0x08001452   0x08001452   0x00000002   PAD
    0x08001454   0x08001454   0x00000030   Code   RO          495    i.ADC_CommonInit    stm32f4xx_adc.o
    0x08001484   0x08001484   0x00000016   Code   RO          498    i.ADC_DMACmd        stm32f4xx_adc.o
    0x0800149a   0x0800149a   0x00000016   Code   RO          499    i.ADC_DMARequestAfterLastTransferCmd  stm32f4xx_adc.o
    0x080014b0   0x080014b0   0x00000010   Code   RO          504    i.ADC_ExternalTrigInjectedConvConfig  stm32f4xx_adc.o
    0x080014c0   0x080014c0   0x00000010   Code   RO          505    i.ADC_ExternalTrigInjectedConvEdgeConfig  stm32f4xx_adc.o
    0x080014d0   0x080014d0   0x00000026   Code   RO          508    i.ADC_GetITStatus   stm32f4xx_adc.o
    0x080014f6   0x080014f6   0x0000001c   Code   RO          509    i.ADC_GetInjectedConversionValue  stm32f4xx_adc.o
    0x08001512   0x08001512   0x00000002   PAD
    0x08001514   0x08001514   0x00000090   Code   RO            4    i.ADC_IRQHandler    adc.o
    0x080015a4   0x080015a4   0x00000020   Code   RO          513    i.ADC_ITConfig      stm32f4xx_adc.o
    0x080015c4   0x080015c4   0x00000054   Code   RO          514    i.ADC_Init          stm32f4xx_adc.o
    0x08001618   0x08001618   0x000001cc   Code   RO            5    i.ADC_Init123       adc.o
    0x080017e4   0x080017e4   0x00000082   Code   RO          515    i.ADC_InjectedChannelConfig  stm32f4xx_adc.o
    0x08001866   0x08001866   0x00000016   Code   RO          516    i.ADC_InjectedDiscModeCmd  stm32f4xx_adc.o
    0x0800187c   0x0800187c   0x00000018   Code   RO          517    i.ADC_InjectedSequencerLengthConfig  stm32f4xx_adc.o
    0x08001894   0x08001894   0x000000b8   Code   RO          519    i.ADC_RegularChannelConfig  stm32f4xx_adc.o
    0x0800194c   0x0800194c   0x0000000a   Code   RO          521    i.ADC_SoftwareStartConv  stm32f4xx_adc.o
    0x08001956   0x08001956   0x00000002   PAD
    0x08001958   0x08001958   0x00000028   Code   RO          353    i.CONTROL_A         gpio.o
    0x08001980   0x08001980   0x00000028   Code   RO          354    i.CONTROL_B         gpio.o
    0x080019a8   0x080019a8   0x000000dc   Code   RO          190    i.DMA2_Stream1_IRQHandler  dma.o
    0x08001a84   0x08001a84   0x0000008c   Code   RO          191    i.DMA2_Stream2_IRQHandler  dma.o
    0x08001b10   0x08001b10   0x00000034   Code   RO         1514    i.DMA_ClearITPendingBit  stm32f4xx_dma.o
    0x08001b44   0x08001b44   0x00000016   Code   RO         1515    i.DMA_Cmd           stm32f4xx_dma.o
    0x08001b5a   0x08001b5a   0x00000002   PAD
    0x08001b5c   0x08001b5c   0x00000064   Code   RO         1525    i.DMA_GetITStatus   stm32f4xx_dma.o
    0x08001bc0   0x08001bc0   0x0000003a   Code   RO         1526    i.DMA_ITConfig      stm32f4xx_dma.o
    0x08001bfa   0x08001bfa   0x00000002   PAD
    0x08001bfc   0x08001bfc   0x00000058   Code   RO         1527    i.DMA_Init          stm32f4xx_dma.o
    0x08001c54   0x08001c54   0x00000124   Code   RO          192    i.DMA_init          dma.o
    0x08001d78   0x08001d78   0x00000090   Code   RO         2315    i.GPIO_Init         stm32f4xx_gpio.o
    0x08001e08   0x08001e08   0x00000046   Code   RO         2316    i.GPIO_PinAFConfig  stm32f4xx_gpio.o
    0x08001e4e   0x08001e4e   0x00000008   Code   RO         2325    i.GPIO_ToggleBits   stm32f4xx_gpio.o
    0x08001e56   0x08001e56   0x0000000a   Code   RO         2327    i.GPIO_WriteBit     stm32f4xx_gpio.o
    0x08001e60   0x08001e60   0x00000064   Code   RO          355    i.GPIO_init         gpio.o
    0x08001ec4   0x08001ec4   0x00000078   Code   RO          440    i.NVIC_Init         misc.o
    0x08001f3c   0x08001f3c   0x00000014   Code   RO          441    i.NVIC_PriorityGroupConfig  misc.o
    0x08001f50   0x08001f50   0x00000020   Code   RO         3241    i.RCC_AHB1PeriphClockCmd  stm32f4xx_rcc.o
    0x08001f70   0x08001f70   0x00000020   Code   RO         3250    i.RCC_APB1PeriphClockCmd  stm32f4xx_rcc.o
    0x08001f90   0x08001f90   0x00000020   Code   RO         3253    i.RCC_APB2PeriphClockCmd  stm32f4xx_rcc.o
    0x08001fb0   0x08001fb0   0x000000e4   Code   RO         3262    i.RCC_GetClocksFreq  stm32f4xx_rcc.o
    0x08002094   0x08002094   0x000000ec   Code   RO          392    i.SetSysClock       system_stm32f4xx.o
    0x08002180   0x08002180   0x00000068   Code   RO          394    i.SystemInit        system_stm32f4xx.o
    0x080021e8   0x080021e8   0x00000148   Code   RO          311    i.TIM1_Pin_Config   timer.o
    0x08002330   0x08002330   0x0000003c   Code   RO          312    i.TIM2_IRQHandler   timer.o
    0x0800236c   0x0800236c   0x00000020   Code   RO         4626    i.TIM_BDTRConfig    stm32f4xx_tim.o
    0x0800238c   0x0800238c   0x00000006   Code   RO         4632    i.TIM_ClearITPendingBit  stm32f4xx_tim.o
    0x08002392   0x08002392   0x00000018   Code   RO         4637    i.TIM_Cmd           stm32f4xx_tim.o
    0x080023aa   0x080023aa   0x0000001e   Code   RO         4639    i.TIM_CtrlPWMOutputs  stm32f4xx_tim.o
    0x080023c8   0x080023c8   0x00000022   Code   RO         4658    i.TIM_GetITStatus   stm32f4xx_tim.o
    0x080023ea   0x080023ea   0x00000012   Code   RO         4662    i.TIM_ITConfig      stm32f4xx_tim.o
    0x080023fc   0x080023fc   0x0000007c   Code   RO         4666    i.TIM_OC1Init       stm32f4xx_tim.o
    0x08002478   0x08002478   0x00000012   Code   RO         4669    i.TIM_OC1PreloadConfig  stm32f4xx_tim.o
    0x0800248a   0x0800248a   0x00000012   Code   RO         4695    i.TIM_SelectOutputTrigger  stm32f4xx_tim.o
    0x0800249c   0x0800249c   0x00000084   Code   RO         4709    i.TIM_TimeBaseInit  stm32f4xx_tim.o
    0x08002520   0x08002520   0x00000078   Code   RO          246    i.USART3_Dequeue    usart.o
    0x08002598   0x08002598   0x00000098   Code   RO          247    i.USART3_IRQHandler  usart.o
    0x08002630   0x08002630   0x000000e4   Code   RO          248    i.USART3_Init       usart.o
    0x08002714   0x08002714   0x00000028   Code   RO          249    i.USART3_SendChar   usart.o
    0x0800273c   0x0800273c   0x0000001e   Code   RO         5188    i.USART_ClearITPendingBit  stm32f4xx_usart.o
    0x0800275a   0x0800275a   0x00000018   Code   RO         5191    i.USART_Cmd         stm32f4xx_usart.o
    0x08002772   0x08002772   0x00000054   Code   RO         5195    i.USART_GetITStatus  stm32f4xx_usart.o
    0x080027c6   0x080027c6   0x0000004a   Code   RO         5197    i.USART_ITConfig    stm32f4xx_usart.o
    0x08002810   0x08002810   0x000000d4   Code   RO         5198    i.USART_Init        stm32f4xx_usart.o
    0x080028e4   0x080028e4   0x0000000a   Code   RO         5205    i.USART_ReceiveData  stm32f4xx_usart.o
    0x080028ee   0x080028ee   0x00000008   Code   RO         5208    i.USART_SendData    stm32f4xx_usart.o
    0x080028f6   0x080028f6   0x00000030   Code   RO         5607    i.__ARM_fpclassify  m_wm.l(fpclassify.o)
    0x08002926   0x08002926   0x0000007a   Code   RO         5507    i.__hardfp_sqrt     m_wm.l(sqrt.o)
    0x080029a0   0x080029a0   0x0000000e   Code   RO         5464    i._is_digit         c_w.l(__printf_wp.o)
    0x080029ae   0x080029ae   0x00000002   PAD
    0x080029b0   0x080029b0   0x00000034   Code   RO          154    i.main              main.o
    0x080029e4   0x080029e4   0x00000024   Code   RO          250    i.send_message      usart.o
    0x08002a08   0x08002a08   0x00000258   Code   RO          193    i.temp_uout_ubat    dma.o
    0x08002c60   0x08002c60   0x00000074   Code   RO          313    i.timer2_init       timer.o
    0x08002cd4   0x08002cd4   0x00000104   Code   RO          194    i.voltage_supercond  dma.o
    0x08002dd8   0x08002dd8   0x0000002c   Code   RO         5601    locale$$code        c_w.l(lc_numeric_c.o)
    0x08002e04   0x08002e04   0x00000062   Code   RO         5481    x$fpl$d2f           fz_wm.l(d2f.o)
    0x08002e66   0x08002e66   0x00000002   PAD
    0x08002e68   0x08002e68   0x00000150   Code   RO         5483    x$fpl$dadd          fz_wm.l(daddsub_clz.o)
    0x08002fb8   0x08002fb8   0x00000018   Code   RO         5603    x$fpl$dcmpinf       fz_wm.l(dcmpi.o)
    0x08002fd0   0x08002fd0   0x000002b0   Code   RO         5490    x$fpl$ddiv          fz_wm.l(ddiv.o)
    0x08003280   0x08003280   0x0000002e   Code   RO         5494    x$fpl$dflt          fz_wm.l(dflt_clz.o)
    0x080032ae   0x080032ae   0x00000026   Code   RO         5493    x$fpl$dfltu         fz_wm.l(dflt_clz.o)
    0x080032d4   0x080032d4   0x00000078   Code   RO         5531    x$fpl$dleqf         fz_wm.l(dleqf.o)
    0x0800334c   0x0800334c   0x00000154   Code   RO         5499    x$fpl$dmul          fz_wm.l(dmul.o)
    0x080034a0   0x080034a0   0x0000009c   Code   RO         5533    x$fpl$dnaninf       fz_wm.l(dnaninf.o)
    0x0800353c   0x0800353c   0x0000000c   Code   RO         5535    x$fpl$dretinf       fz_wm.l(dretinf.o)
    0x08003548   0x08003548   0x0000006c   Code   RO         5501    x$fpl$drleqf        fz_wm.l(drleqf.o)
    0x080035b4   0x080035b4   0x00000016   Code   RO         5484    x$fpl$drsb          fz_wm.l(daddsub_clz.o)
    0x080035ca   0x080035ca   0x00000002   PAD
    0x080035cc   0x080035cc   0x00000198   Code   RO         5537    x$fpl$dsqrt         fz_wm.l(dsqrt_umaal.o)
    0x08003764   0x08003764   0x000001d4   Code   RO         5485    x$fpl$dsub          fz_wm.l(daddsub_clz.o)
    0x08003938   0x08003938   0x00000056   Code   RO         5503    x$fpl$f2d           fz_wm.l(f2d.o)
    0x0800398e   0x0800398e   0x0000008c   Code   RO         5539    x$fpl$fnaninf       fz_wm.l(fnaninf.o)
    0x08003a1a   0x08003a1a   0x0000000a   Code   RO         5673    x$fpl$fpinit        fz_wm.l(fpinit.o)
    0x08003a24   0x08003a24   0x0000000a   Code   RO         5541    x$fpl$fretinf       fz_wm.l(fretinf.o)
    0x08003a2e   0x08003a2e   0x00000004   Code   RO         5505    x$fpl$printf1       fz_wm.l(printf1.o)
    0x08003a32   0x08003a32   0x00000000   Code   RO         5543    x$fpl$usenofp       fz_wm.l(usenofp.o)
    0x08003a32   0x08003a32   0x00000002   PAD
    0x08003a34   0x08003a34   0x00000094   Data   RO         5576    .constdata          c_w.l(bigflt0.o)
    0x08003ac8   0x08003ac8   0x00000020   Data   RO         5748    Region$$Table       anon$$obj.o
    0x08003ae8   0x08003ae8   0x0000001c   Data   RO         5600    locale$$data        c_w.l(lc_numeric_c.o)


    Execution Region ER_RW (Exec base: 0x20000000, Load base: 0x08003b04, Size: 0x0000005c, Max: 0xffffffff, ABSOLUTE)

    Exec Addr    Load Addr    Size         Type   Attr      Idx    E Section Name        Object

    0x20000000   0x08003b04   0x00000006   Data   RW            6    .data               adc.o
    0x20000006   0x08003b0a   0x00000002   PAD
    0x20000008   0x08003b0c   0x0000002c   Data   RW          196    .data               dma.o
    0x20000034   0x08003b38   0x0000000b   Data   RW          252    .data               usart.o
    0x2000003f   0x08003b43   0x00000001   PAD
    0x20000040   0x08003b44   0x0000000c   Data   RW          314    .data               timer.o
    0x2000004c   0x08003b50   0x00000010   Data   RW         3294    .data               stm32f4xx_rcc.o


    Execution Region ER_ZI (Exec base: 0x2000005c, Load base: 0x08003b60, Size: 0x000006ac, Max: 0xffffffff, ABSOLUTE)

    Exec Addr    Load Addr    Size         Type   Attr      Idx    E Section Name        Object

    0x2000005c        -       0x0000003c   Zero   RW          195    .bss                dma.o
    0x20000098        -       0x00000010   Zero   RW          251    .bss                usart.o
    0x200000a8        -       0x00000060   Zero   RW         5610    .bss                c_w.l(libspace.o)
    0x20000108        -       0x00000200   Zero   RW          431    HEAP                startup_stm32f40_41xxx.o
    0x20000308        -       0x00000400   Zero   RW          430    STACK               startup_stm32f40_41xxx.o


==============================================================================

Image component sizes


      Code (inc. data)   RO Data    RW Data    ZI Data      Debug   Object Name

       604         38          0          6          0     319239   adc.o
      1512        474          0         44         60       4026   dma.o
       180         16          0          0          0       1608   gpio.o
        52          6          0          0          0        491   main.o
       140         24          0          0          0       1723   misc.o
        64         26        392          0       1536        920   startup_stm32f40_41xxx.o
       708         24          0          0          0      12513   stm32f4xx_adc.o
       320         38          0          0          0       4786   stm32f4xx_dma.o
       232          0          0          0          0       3233   stm32f4xx_gpio.o
       324         32          0         16          0       4991   stm32f4xx_rcc.o
       436         38          0          0          0       7359   stm32f4xx_tim.o
       442          8          0          0          0       5937   stm32f4xx_usart.o
       340         32          0          0          0       1837   system_stm32f4xx.o
       504         22          0         12          0       2395   timer.o
       576         80          0         11         16      29981   usart.o

    ----------------------------------------------------------------------
      6444        858        424         92       1612     401039   Object Totals
         0          0         32          0          0          0   (incl. Generated)
        10          0          0          3          0          0   (incl. Padding)

    ----------------------------------------------------------------------

      Code (inc. data)   RO Data    RW Data    ZI Data      Debug   Library Member Name

         8          0          0          0          0         68   __main.o
       284          0          0          0          0        156   __printf_wp.o
         0          0          0          0          0          0   __rtentry.o
        12          0          0          0          0          0   __rtentry2.o
         6          0          0          0          0          0   __rtentry4.o
        52          8          0          0          0          0   __scatter.o
        26          0          0          0          0          0   __scatter_copy.o
        28          0          0          0          0          0   __scatter_zi.o
        48          6          0          0          0         96   _printf_char_common.o
         6          0          0          0          0          0   _printf_d.o
       120         16          0          0          0         92   _printf_dec.o
         6          0          0          0          0          0   _printf_f.o
      1054          0          0          0          0        216   _printf_fp_dec.o
       128         16          0          0          0         84   _printf_fp_infnan.o
       178          0          0          0          0         88   _printf_intcommon.o
        78          0          0          0          0        108   _printf_pad.o
         0          0          0          0          0          0   _printf_percent.o
         4          0          0          0          0          0   _printf_percent_end.o
        22          0          0          0          0        100   _rserrno.o
        10          0          0          0          0         68   _sputc.o
       228          4        148          0          0         96   bigflt0.o
      1936        128          0          0          0        672   btod.o
        18          0          0          0          0         80   exit.o
         6          0          0          0          0        152   heapauxi.o
         0          0          0          0          0          0   indicate_semi.o
        44         10         28          0          0         76   lc_numeric_c.o
         2          0          0          0          0          0   libinit.o
        22          0          0          0          0          0   libinit2.o
         2          0          0          0          0          0   libshutdown.o
         2          0          0          0          0          0   libshutdown2.o
         8          4          0          0         96         68   libspace.o
       138          0          0          0          0         80   lludiv10.o
        40          6          0          0          0         84   noretval__2sprintf.o
         8          4          0          0          0         68   rt_errno_addr_intlibspace.o
         8          4          0          0          0         68   rt_locale_intlibspace.o
         2          0          0          0          0          0   rtexit.o
        10          0          0          0          0          0   rtexit2.o
       128          0          0          0          0         68   strcmpv7m.o
        12          4          0          0          0         68   sys_exit.o
        74          0          0          0          0         80   sys_stackheap_outer.o
         2          0          0          0          0         68   use_no_semi.o
        98          4          0          0          0        140   d2f.o
       826         16          0          0          0        492   daddsub_clz.o
        24          0          0          0          0        116   dcmpi.o
       688        140          0          0          0        256   ddiv.o
        84          0          0          0          0        232   dflt_clz.o
       120          4          0          0          0        140   dleqf.o
       340         12          0          0          0        152   dmul.o
       156          4          0          0          0        140   dnaninf.o
        12          0          0          0          0        116   dretinf.o
       108          0          0          0          0        128   drleqf.o
       408         56          0          0          0        168   dsqrt_umaal.o
        86          4          0          0          0        132   f2d.o
       140          4          0          0          0        132   fnaninf.o
        10          0          0          0          0        116   fpinit.o
        10          0          0          0          0        116   fretinf.o
         4          0          0          0          0        116   printf1.o
         0          0          0          0          0          0   usenofp.o
        48          0          0          0          0        124   fpclassify.o
       122          0          0          0          0        148   sqrt.o

    ----------------------------------------------------------------------
      8064        454        176          0         96       5768   Library Totals
        20          0          0          0          0          0   (incl. Padding)

    ----------------------------------------------------------------------

      Code (inc. data)   RO Data    RW Data    ZI Data      Debug   Library Name

      4760        210        176          0         96       2804   c_w.l
      3114        244          0          0          0       2692   fz_wm.l
       170          0          0          0          0        272   m_wm.l

    ----------------------------------------------------------------------
      8064        454        176          0         96       5768   Library Totals

    ----------------------------------------------------------------------

==============================================================================


      Code (inc. data)   RO Data    RW Data    ZI Data      Debug   

     14508       1312        600         92       1708     396799   Grand Totals
     14508       1312        600         92       1708     396799   ELF Image Totals
     14508       1312        600         92          0          0   ROM Totals

==============================================================================

    Total RO  Size (Code + RO Data)                15108 (  14.75kB)
    Total RW  Size (RW Data + ZI Data)              1800 (   1.76kB)
    Total ROM Size (Code + RO Data + RW Data)      15200 (  14.84kB)

==============================================================================

